nid07417:25398:25398 [0] NCCL INFO Bootstrap : Using [0]ipogif0:148.187.61.52<0>
nid07417:25398:25398 [0] NCCL INFO NET/Plugin : No plugin found (libnccl-net.so).
libibverbs: Could not locate libibgni (/usr/lib64/libibgni.so.1: undefined symbol: verbs_uninit_context)
libibverbs: Warning: couldn't open config directory '/opt/cray/rdma-core/22.3-7.0.2.1_2.21__g42f5f32b.ari/etc/libibverbs.d'.
nid07417:25398:25398 [0] NCCL INFO NET/IB : No device found.
nid07417:25398:25398 [0] NCCL INFO NET/Socket : Using [0]ipogif0:148.187.61.52<0>
NCCL version 2.4.8+cuda10.1
nid07417:25398:25420 [0] NCCL INFO Setting affinity for GPU 0 to ffffff
nid07419:28308:28308 [0] NCCL INFO Bootstrap : Using [0]ipogif0:148.187.61.54<0>
nid07418:28602:28602 [0] NCCL INFO Bootstrap : Using [0]ipogif0:148.187.61.53<0>
nid07420:5967:5967 [0] NCCL INFO Bootstrap : Using [0]ipogif0:148.187.61.55<0>
nid07420:5967:5967 [0] NCCL INFO NET/Plugin : No plugin found (libnccl-net.so).
libibverbs: Could not locate libibgni (/usr/lib64/libibgni.so.1: undefined symbol: verbs_uninit_context)
libibverbs: Warning: couldn't open config directory '/opt/cray/rdma-core/22.3-7.0.2.1_2.21__g42f5f32b.ari/etc/libibverbs.d'.
nid07420:5967:5967 [0] NCCL INFO NET/IB : No device found.
nid07420:5967:5967 [0] NCCL INFO NET/Socket : Using [0]ipogif0:148.187.61.55<0>
nid07420:5967:6254 [0] NCCL INFO Setting affinity for GPU 0 to ffffff
nid07420:5967:6254 [0] NCCL INFO Could not find real path of /sys/class/net/ipogif0/device
nid07420:5967:6254 [0] NCCL INFO include/net.h:19 -> 2
nid07420:5967:6254 [0] NCCL INFO CUDA Dev 0[0], Socket NIC distance :  SYS
nid07417:25398:25420 [0] NCCL INFO Could not find real path of /sys/class/net/ipogif0/device
nid07417:25398:25420 [0] NCCL INFO include/net.h:19 -> 2
nid07417:25398:25420 [0] NCCL INFO CUDA Dev 0[0], Socket NIC distance :  SYS
nid07417:25398:25420 [0] NCCL INFO Channel 00 :    0   1   2   3
nid07420:5967:6254 [0] NCCL INFO Could not find real path of /sys/class/net/ipogif0/device
nid07420:5967:6254 [0] NCCL INFO include/net.h:19 -> 2
nid07417:25398:25420 [0] NCCL INFO Could not find real path of /sys/class/net/ipogif0/device
nid07417:25398:25420 [0] NCCL INFO include/net.h:19 -> 2
nid07418:28602:28602 [0] NCCL INFO NET/Plugin : No plugin found (libnccl-net.so).
nid07419:28308:28308 [0] NCCL INFO NET/Plugin : No plugin found (libnccl-net.so).
libibverbs: Could not locate libibgni (/usr/lib64/libibgni.so.1: undefined symbol: verbs_uninit_context)
nid07417:25398:25420 [0] NCCL INFO Ring 00 : 3 -> 0 [receive] via NET/Socket/0
libibverbs: Warning: couldn't open config directory '/opt/cray/rdma-core/22.3-7.0.2.1_2.21__g42f5f32b.ari/etc/libibverbs.d'.
nid07420:5967:6254 [0] NCCL INFO Ring 00 : 2 -> 3 [receive] via NET/Socket/0
libibverbs: Could not locate libibgni (/usr/lib64/libibgni.so.1: undefined symbol: verbs_uninit_context)
nid07417:25398:25420 [0] NCCL INFO NET/Socket: Using 1 threads and 1 sockets per thread
libibverbs: Warning: couldn't open config directory '/opt/cray/rdma-core/22.3-7.0.2.1_2.21__g42f5f32b.ari/etc/libibverbs.d'.
nid07418:28602:28602 [0] NCCL INFO NET/IB : No device found.
nid07420:5967:6254 [0] NCCL INFO NET/Socket: Using 1 threads and 1 sockets per thread
nid07418:28602:28602 [0] NCCL INFO NET/Socket : Using [0]ipogif0:148.187.61.53<0>
nid07419:28308:28308 [0] NCCL INFO NET/IB : No device found.
nid07418:28602:28622 [0] NCCL INFO Setting affinity for GPU 0 to ffffff
nid07419:28308:28308 [0] NCCL INFO NET/Socket : Using [0]ipogif0:148.187.61.54<0>
nid07418:28602:28622 [0] NCCL INFO Could not find real path of /sys/class/net/ipogif0/device
nid07418:28602:28622 [0] NCCL INFO include/net.h:19 -> 2
nid07418:28602:28622 [0] NCCL INFO CUDA Dev 0[0], Socket NIC distance :  SYS
nid07419:28308:28573 [0] NCCL INFO Setting affinity for GPU 0 to ffffff
nid07418:28602:28622 [0] NCCL INFO Could not find real path of /sys/class/net/ipogif0/device
nid07418:28602:28622 [0] NCCL INFO include/net.h:19 -> 2
nid07419:28308:28573 [0] NCCL INFO Could not find real path of /sys/class/net/ipogif0/device
nid07419:28308:28573 [0] NCCL INFO include/net.h:19 -> 2
nid07419:28308:28573 [0] NCCL INFO CUDA Dev 0[0], Socket NIC distance :  SYS
nid07418:28602:28622 [0] NCCL INFO Ring 00 : 0 -> 1 [receive] via NET/Socket/0
nid07419:28308:28573 [0] NCCL INFO Could not find real path of /sys/class/net/ipogif0/device
nid07419:28308:28573 [0] NCCL INFO include/net.h:19 -> 2
nid07418:28602:28622 [0] NCCL INFO NET/Socket: Using 1 threads and 1 sockets per thread
nid07419:28308:28573 [0] NCCL INFO Ring 00 : 1 -> 2 [receive] via NET/Socket/0
nid07419:28308:28573 [0] NCCL INFO NET/Socket: Using 1 threads and 1 sockets per thread
nid07417:25398:25420 [0] NCCL INFO Ring 00 : 0 -> 1 [send] via NET/Socket/0
nid07419:28308:28573 [0] NCCL INFO Ring 00 : 2 -> 3 [send] via NET/Socket/0
nid07418:28602:28622 [0] NCCL INFO Ring 00 : 1 -> 2 [send] via NET/Socket/0
nid07420:5967:6254 [0] NCCL INFO Ring 00 : 3 -> 0 [send] via NET/Socket/0
nid07417:25398:25420 [0] NCCL INFO Using 256 threads, Min Comp Cap 6, Trees disabled
nid07418:28602:28622 [0] NCCL INFO comm 0x2aab4c002260 rank 1 nranks 4 cudaDev 0 nvmlDev 0 - Init COMPLETE
nid07419:28308:28573 [0] NCCL INFO comm 0x2aab4c002260 rank 2 nranks 4 cudaDev 0 nvmlDev 0 - Init COMPLETE
nid07420:5967:6254 [0] NCCL INFO comm 0x2aab4c002260 rank 3 nranks 4 cudaDev 0 nvmlDev 0 - Init COMPLETE
nid07417:25398:25420 [0] NCCL INFO comm 0x2aab70002260 rank 0 nranks 4 cudaDev 0 nvmlDev 0 - Init COMPLETE
nid07417:25398:25398 [0] NCCL INFO Launch mode Parallel
Duration/ms: 0.9169292789697647
