nid04908:28890:28890 [0] NCCL INFO Bootstrap : Using [0]ipogif0:148.187.51.83<0>
nid04912:22297:22297 [0] NCCL INFO Bootstrap : Using [0]ipogif0:148.187.51.87<0>
nid04920:16176:16176 [0] NCCL INFO Bootstrap : Using [0]ipogif0:148.187.51.95<0>
nid04921:14438:14438 [0] NCCL INFO Bootstrap : Using [0]ipogif0:148.187.51.96<0>
nid04910:30217:30217 [0] NCCL INFO Bootstrap : Using [0]ipogif0:148.187.51.85<0>
nid04911:25638:25638 [0] NCCL INFO Bootstrap : Using [0]ipogif0:148.187.51.86<0>
nid04915:31065:31065 [0] NCCL INFO Bootstrap : Using [0]ipogif0:148.187.51.90<0>
nid04919:20510:20510 [0] NCCL INFO Bootstrap : Using [0]ipogif0:148.187.51.94<0>
nid04916:28236:28236 [0] NCCL INFO Bootstrap : Using [0]ipogif0:148.187.51.91<0>
nid04922:23079:23079 [0] NCCL INFO Bootstrap : Using [0]ipogif0:148.187.51.97<0>
nid04909:11838:11838 [0] NCCL INFO Bootstrap : Using [0]ipogif0:148.187.51.84<0>
nid04917:2462:2462 [0] NCCL INFO Bootstrap : Using [0]ipogif0:148.187.51.92<0>
nid04923:1278:1278 [0] NCCL INFO Bootstrap : Using [0]ipogif0:148.187.51.98<0>
nid04912:22297:22297 [0] NCCL INFO NET/Plugin : No plugin found (libnccl-net.so).
nid04911:25638:25638 [0] NCCL INFO NET/Plugin : No plugin found (libnccl-net.so).
nid04908:28890:28890 [0] NCCL INFO NET/Plugin : No plugin found (libnccl-net.so).
libibverbs: Could not locate libibgni (/usr/lib64/libibgni.so.1: undefined symbol: verbs_uninit_context)
libibverbs: Warning: couldn't open config directory '/opt/cray/rdma-core/22.3-7.0.2.1_2.21__g42f5f32b.ari/etc/libibverbs.d'.
nid04908:28890:28890 [0] NCCL INFO NET/IB : No device found.
nid04908:28890:28890 [0] NCCL INFO NET/Socket : Using [0]ipogif0:148.187.51.83<0>
NCCL version 2.4.8+cuda10.1
nid04921:14438:14438 [0] NCCL INFO NET/Plugin : No plugin found (libnccl-net.so).
nid04920:16176:16176 [0] NCCL INFO NET/Plugin : No plugin found (libnccl-net.so).
nid04908:28890:28912 [0] NCCL INFO Setting affinity for GPU 0 to ffffff
nid04914:25858:25858 [0] NCCL INFO Bootstrap : Using [0]ipogif0:148.187.51.89<0>
nid04914:25858:25858 [0] NCCL INFO NET/Plugin : No plugin found (libnccl-net.so).
nid04922:23079:23079 [0] NCCL INFO NET/Plugin : No plugin found (libnccl-net.so).
nid04913:11294:11294 [0] NCCL INFO Bootstrap : Using [0]ipogif0:148.187.51.88<0>
nid04913:11294:11294 [0] NCCL INFO NET/Plugin : No plugin found (libnccl-net.so).
nid04918:25066:25066 [0] NCCL INFO Bootstrap : Using [0]ipogif0:148.187.51.93<0>
libibverbs: Could not locate libibgni (/usr/lib64/libibgni.so.1: undefined symbol: verbs_uninit_context)
libibverbs: Warning: couldn't open config directory '/opt/cray/rdma-core/22.3-7.0.2.1_2.21__g42f5f32b.ari/etc/libibverbs.d'.
nid04911:25638:25638 [0] NCCL INFO NET/IB : No device found.
nid04911:25638:25638 [0] NCCL INFO NET/Socket : Using [0]ipogif0:148.187.51.86<0>
libibverbs: Could not locate libibgni (/usr/lib64/libibgni.so.1: undefined symbol: verbs_uninit_context)
libibverbs: Warning: couldn't open config directory '/opt/cray/rdma-core/22.3-7.0.2.1_2.21__g42f5f32b.ari/etc/libibverbs.d'.
nid04920:16176:16176 [0] NCCL INFO NET/IB : No device found.
nid04920:16176:16176 [0] NCCL INFO NET/Socket : Using [0]ipogif0:148.187.51.95<0>
nid04918:25066:25066 [0] NCCL INFO NET/Plugin : No plugin found (libnccl-net.so).
libibverbs: Could not locate libibgni (/usr/lib64/libibgni.so.1: undefined symbol: verbs_uninit_context)
libibverbs: Warning: couldn't open config directory '/opt/cray/rdma-core/22.3-7.0.2.1_2.21__g42f5f32b.ari/etc/libibverbs.d'.
nid04921:14438:14438 [0] NCCL INFO NET/IB : No device found.
nid04921:14438:14438 [0] NCCL INFO NET/Socket : Using [0]ipogif0:148.187.51.96<0>
libibverbs: Could not locate libibgni (/usr/lib64/libibgni.so.1: undefined symbol: verbs_uninit_context)
libibverbs: Warning: couldn't open config directory '/opt/cray/rdma-core/22.3-7.0.2.1_2.21__g42f5f32b.ari/etc/libibverbs.d'.
nid04914:25858:25858 [0] NCCL INFO NET/IB : No device found.
nid04914:25858:25858 [0] NCCL INFO NET/Socket : Using [0]ipogif0:148.187.51.89<0>
libibverbs: Could not locate libibgni (/usr/lib64/libibgni.so.1: undefined symbol: verbs_uninit_context)
libibverbs: Warning: couldn't open config directory '/opt/cray/rdma-core/22.3-7.0.2.1_2.21__g42f5f32b.ari/etc/libibverbs.d'.
nid04912:22297:22297 [0] NCCL INFO NET/IB : No device found.
nid04912:22297:22297 [0] NCCL INFO NET/Socket : Using [0]ipogif0:148.187.51.87<0>
nid04910:30217:30217 [0] NCCL INFO NET/Plugin : No plugin found (libnccl-net.so).
libibverbs: Could not locate libibgni (/usr/lib64/libibgni.so.1: undefined symbol: verbs_uninit_context)
libibverbs: Warning: couldn't open config directory '/opt/cray/rdma-core/22.3-7.0.2.1_2.21__g42f5f32b.ari/etc/libibverbs.d'.
nid04910:30217:30217 [0] NCCL INFO NET/IB : No device found.
nid04910:30217:30217 [0] NCCL INFO NET/Socket : Using [0]ipogif0:148.187.51.85<0>
nid04911:25638:25650 [0] NCCL INFO Setting affinity for GPU 0 to ffffff
nid04910:30217:30229 [0] NCCL INFO Setting affinity for GPU 0 to ffffff
nid04920:16176:16188 [0] NCCL INFO Setting affinity for GPU 0 to ffffff
nid04921:14438:14450 [0] NCCL INFO Setting affinity for GPU 0 to ffffff
nid04923:1278:1278 [0] NCCL INFO NET/Plugin : No plugin found (libnccl-net.so).
nid04916:28236:28236 [0] NCCL INFO NET/Plugin : No plugin found (libnccl-net.so).
libibverbs: Could not locate libibgni (/usr/lib64/libibgni.so.1: undefined symbol: verbs_uninit_context)
nid04917:2462:2462 [0] NCCL INFO NET/Plugin : No plugin found (libnccl-net.so).
libibverbs: Could not locate libibgni (/usr/lib64/libibgni.so.1: undefined symbol: verbs_uninit_context)
nid04919:20510:20510 [0] NCCL INFO NET/Plugin : No plugin found (libnccl-net.so).
libibverbs: Could not locate libibgni (/usr/lib64/libibgni.so.1: undefined symbol: verbs_uninit_context)
nid04915:31065:31065 [0] NCCL INFO NET/Plugin : No plugin found (libnccl-net.so).
libibverbs: Could not locate libibgni (/usr/lib64/libibgni.so.1: undefined symbol: verbs_uninit_context)
nid04909:11838:11838 [0] NCCL INFO NET/Plugin : No plugin found (libnccl-net.so).
libibverbs: Warning: couldn't open config directory '/opt/cray/rdma-core/22.3-7.0.2.1_2.21__g42f5f32b.ari/etc/libibverbs.d'.
nid04923:1278:1278 [0] NCCL INFO NET/IB : No device found.
libibverbs: Could not locate libibgni (/usr/lib64/libibgni.so.1: undefined symbol: verbs_uninit_context)
nid04916:28236:28236 [0] NCCL INFO NET/IB : No device found.
libibverbs: Warning: couldn't open config directory '/opt/cray/rdma-core/22.3-7.0.2.1_2.21__g42f5f32b.ari/etc/libibverbs.d'.
nid04917:2462:2462 [0] NCCL INFO NET/IB : No device found.
libibverbs: Warning: couldn't open config directory '/opt/cray/rdma-core/22.3-7.0.2.1_2.21__g42f5f32b.ari/etc/libibverbs.d'.
nid04919:20510:20510 [0] NCCL INFO NET/IB : No device found.
libibverbs: Warning: couldn't open config directory '/opt/cray/rdma-core/22.3-7.0.2.1_2.21__g42f5f32b.ari/etc/libibverbs.d'.
nid04923:1278:1278 [0] NCCL INFO NET/Socket : Using [0]ipogif0:148.187.51.98<0>
libibverbs: Could not locate libibgni (/usr/lib64/libibgni.so.1: undefined symbol: verbs_uninit_context)
nid04915:31065:31065 [0] NCCL INFO NET/IB : No device found.
libibverbs: Could not locate libibgni (/usr/lib64/libibgni.so.1: undefined symbol: verbs_uninit_context)
nid04916:28236:28236 [0] NCCL INFO NET/Socket : Using [0]ipogif0:148.187.51.91<0>
libibverbs: Warning: couldn't open config directory '/opt/cray/rdma-core/22.3-7.0.2.1_2.21__g42f5f32b.ari/etc/libibverbs.d'.
nid04917:2462:2462 [0] NCCL INFO NET/Socket : Using [0]ipogif0:148.187.51.92<0>
libibverbs: Warning: couldn't open config directory '/opt/cray/rdma-core/22.3-7.0.2.1_2.21__g42f5f32b.ari/etc/libibverbs.d'.
nid04919:20510:20510 [0] NCCL INFO NET/Socket : Using [0]ipogif0:148.187.51.94<0>
libibverbs: Warning: couldn't open config directory '/opt/cray/rdma-core/22.3-7.0.2.1_2.21__g42f5f32b.ari/etc/libibverbs.d'.
nid04909:11838:11838 [0] NCCL INFO NET/IB : No device found.
nid04922:23079:23079 [0] NCCL INFO NET/IB : No device found.
nid04915:31065:31065 [0] NCCL INFO NET/Socket : Using [0]ipogif0:148.187.51.90<0>
nid04919:20510:20522 [0] NCCL INFO Setting affinity for GPU 0 to ffffff
nid04909:11838:11838 [0] NCCL INFO NET/Socket : Using [0]ipogif0:148.187.51.84<0>
nid04922:23079:23079 [0] NCCL INFO NET/Socket : Using [0]ipogif0:148.187.51.97<0>
nid04914:25858:25870 [0] NCCL INFO Setting affinity for GPU 0 to ffffff
nid04915:31065:31077 [0] NCCL INFO Setting affinity for GPU 0 to ffffff
nid04909:11838:11850 [0] NCCL INFO Setting affinity for GPU 0 to ffffff
nid04916:28236:28248 [0] NCCL INFO Setting affinity for GPU 0 to ffffff
nid04912:22297:22309 [0] NCCL INFO Setting affinity for GPU 0 to ffffff
libibverbs: Could not locate libibgni (/usr/lib64/libibgni.so.1: undefined symbol: verbs_uninit_context)
libibverbs: Warning: couldn't open config directory '/opt/cray/rdma-core/22.3-7.0.2.1_2.21__g42f5f32b.ari/etc/libibverbs.d'.
nid04913:11294:11294 [0] NCCL INFO NET/IB : No device found.
nid04913:11294:11294 [0] NCCL INFO NET/Socket : Using [0]ipogif0:148.187.51.88<0>
nid04923:1278:1290 [0] NCCL INFO Setting affinity for GPU 0 to ffffff
nid04917:2462:2474 [0] NCCL INFO Setting affinity for GPU 0 to ffffff
nid04922:23079:23091 [0] NCCL INFO Setting affinity for GPU 0 to ffffff
libibverbs: Could not locate libibgni (/usr/lib64/libibgni.so.1: undefined symbol: verbs_uninit_context)
libibverbs: Warning: couldn't open config directory '/opt/cray/rdma-core/22.3-7.0.2.1_2.21__g42f5f32b.ari/etc/libibverbs.d'.
nid04918:25066:25066 [0] NCCL INFO NET/IB : No device found.
nid04918:25066:25066 [0] NCCL INFO NET/Socket : Using [0]ipogif0:148.187.51.93<0>
nid04913:11294:11306 [0] NCCL INFO Setting affinity for GPU 0 to ffffff
nid04918:25066:25078 [0] NCCL INFO Setting affinity for GPU 0 to ffffff
nid04908:28890:28912 [0] NCCL INFO Could not find real path of /sys/class/net/ipogif0/device
nid04908:28890:28912 [0] NCCL INFO include/net.h:19 -> 2
nid04908:28890:28912 [0] NCCL INFO CUDA Dev 0[0], Socket NIC distance :  SYS
nid04923:1278:1290 [0] NCCL INFO Could not find real path of /sys/class/net/ipogif0/device
nid04923:1278:1290 [0] NCCL INFO include/net.h:19 -> 2
nid04909:11838:11850 [0] NCCL INFO Could not find real path of /sys/class/net/ipogif0/device
nid04909:11838:11850 [0] NCCL INFO include/net.h:19 -> 2
nid04909:11838:11850 [0] NCCL INFO CUDA Dev 0[0], Socket NIC distance :  SYS
nid04923:1278:1290 [0] NCCL INFO CUDA Dev 0[0], Socket NIC distance :  SYS
nid04921:14438:14450 [0] NCCL INFO Could not find real path of /sys/class/net/ipogif0/device
nid04921:14438:14450 [0] NCCL INFO include/net.h:19 -> 2
nid04921:14438:14450 [0] NCCL INFO CUDA Dev 0[0], Socket NIC distance :  SYS
nid04922:23079:23091 [0] NCCL INFO Could not find real path of /sys/class/net/ipogif0/device
nid04922:23079:23091 [0] NCCL INFO include/net.h:19 -> 2
nid04918:25066:25078 [0] NCCL INFO Could not find real path of /sys/class/net/ipogif0/device
nid04918:25066:25078 [0] NCCL INFO include/net.h:19 -> 2
nid04918:25066:25078 [0] NCCL INFO CUDA Dev 0[0], Socket NIC distance :  SYS
nid04914:25858:25870 [0] NCCL INFO Could not find real path of /sys/class/net/ipogif0/device
nid04914:25858:25870 [0] NCCL INFO include/net.h:19 -> 2
nid04914:25858:25870 [0] NCCL INFO CUDA Dev 0[0], Socket NIC distance :  SYS
nid04913:11294:11306 [0] NCCL INFO Could not find real path of /sys/class/net/ipogif0/device
nid04913:11294:11306 [0] NCCL INFO include/net.h:19 -> 2
nid04913:11294:11306 [0] NCCL INFO CUDA Dev 0[0], Socket NIC distance :  SYS
nid04912:22297:22309 [0] NCCL INFO Could not find real path of /sys/class/net/ipogif0/device
nid04912:22297:22309 [0] NCCL INFO include/net.h:19 -> 2
nid04912:22297:22309 [0] NCCL INFO CUDA Dev 0[0], Socket NIC distance :  SYS
nid04920:16176:16188 [0] NCCL INFO Could not find real path of /sys/class/net/ipogif0/device
nid04920:16176:16188 [0] NCCL INFO include/net.h:19 -> 2
nid04911:25638:25650 [0] NCCL INFO Could not find real path of /sys/class/net/ipogif0/device
nid04911:25638:25650 [0] NCCL INFO include/net.h:19 -> 2
nid04915:31065:31077 [0] NCCL INFO Could not find real path of /sys/class/net/ipogif0/device
nid04915:31065:31077 [0] NCCL INFO include/net.h:19 -> 2
nid04916:28236:28248 [0] NCCL INFO Could not find real path of /sys/class/net/ipogif0/device
nid04916:28236:28248 [0] NCCL INFO include/net.h:19 -> 2
nid04916:28236:28248 [0] NCCL INFO CUDA Dev 0[0], Socket NIC distance :  SYS
nid04917:2462:2474 [0] NCCL INFO Could not find real path of /sys/class/net/ipogif0/device
nid04917:2462:2474 [0] NCCL INFO include/net.h:19 -> 2
nid04917:2462:2474 [0] NCCL INFO CUDA Dev 0[0], Socket NIC distance :  SYS
nid04910:30217:30229 [0] NCCL INFO Could not find real path of /sys/class/net/ipogif0/device
nid04910:30217:30229 [0] NCCL INFO include/net.h:19 -> 2
nid04919:20510:20522 [0] NCCL INFO Could not find real path of /sys/class/net/ipogif0/device
nid04919:20510:20522 [0] NCCL INFO include/net.h:19 -> 2
nid04922:23079:23091 [0] NCCL INFO CUDA Dev 0[0], Socket NIC distance :  SYS
nid04920:16176:16188 [0] NCCL INFO CUDA Dev 0[0], Socket NIC distance :  SYS
nid04911:25638:25650 [0] NCCL INFO CUDA Dev 0[0], Socket NIC distance :  SYS
nid04915:31065:31077 [0] NCCL INFO CUDA Dev 0[0], Socket NIC distance :  SYS
nid04910:30217:30229 [0] NCCL INFO CUDA Dev 0[0], Socket NIC distance :  SYS
nid04919:20510:20522 [0] NCCL INFO CUDA Dev 0[0], Socket NIC distance :  SYS
nid04921:14438:14450 [0] NCCL INFO Could not find real path of /sys/class/net/ipogif0/device
nid04921:14438:14450 [0] NCCL INFO include/net.h:19 -> 2
nid04922:23079:23091 [0] NCCL INFO Could not find real path of /sys/class/net/ipogif0/device
nid04922:23079:23091 [0] NCCL INFO include/net.h:19 -> 2
nid04920:16176:16188 [0] NCCL INFO Could not find real path of /sys/class/net/ipogif0/device
nid04920:16176:16188 [0] NCCL INFO include/net.h:19 -> 2
nid04916:28236:28248 [0] NCCL INFO Could not find real path of /sys/class/net/ipogif0/device
nid04916:28236:28248 [0] NCCL INFO include/net.h:19 -> 2
nid04908:28890:28912 [0] NCCL INFO Channel 00 :    0   1   2   3   4   5   6   7   8   9  10  11  12  13  14  15
nid04909:11838:11850 [0] NCCL INFO Could not find real path of /sys/class/net/ipogif0/device
nid04909:11838:11850 [0] NCCL INFO include/net.h:19 -> 2
nid04923:1278:1290 [0] NCCL INFO Could not find real path of /sys/class/net/ipogif0/device
nid04923:1278:1290 [0] NCCL INFO include/net.h:19 -> 2
nid04918:25066:25078 [0] NCCL INFO Could not find real path of /sys/class/net/ipogif0/device
nid04918:25066:25078 [0] NCCL INFO include/net.h:19 -> 2
nid04914:25858:25870 [0] NCCL INFO Could not find real path of /sys/class/net/ipogif0/device
nid04914:25858:25870 [0] NCCL INFO include/net.h:19 -> 2
nid04913:11294:11306 [0] NCCL INFO Could not find real path of /sys/class/net/ipogif0/device
nid04913:11294:11306 [0] NCCL INFO include/net.h:19 -> 2
nid04912:22297:22309 [0] NCCL INFO Could not find real path of /sys/class/net/ipogif0/device
nid04912:22297:22309 [0] NCCL INFO include/net.h:19 -> 2
nid04911:25638:25650 [0] NCCL INFO Could not find real path of /sys/class/net/ipogif0/device
nid04911:25638:25650 [0] NCCL INFO include/net.h:19 -> 2
nid04915:31065:31077 [0] NCCL INFO Could not find real path of /sys/class/net/ipogif0/device
nid04915:31065:31077 [0] NCCL INFO include/net.h:19 -> 2
nid04908:28890:28912 [0] NCCL INFO Could not find real path of /sys/class/net/ipogif0/device
nid04908:28890:28912 [0] NCCL INFO include/net.h:19 -> 2
nid04917:2462:2474 [0] NCCL INFO Could not find real path of /sys/class/net/ipogif0/device
nid04917:2462:2474 [0] NCCL INFO include/net.h:19 -> 2
nid04910:30217:30229 [0] NCCL INFO Could not find real path of /sys/class/net/ipogif0/device
nid04910:30217:30229 [0] NCCL INFO include/net.h:19 -> 2
nid04919:20510:20522 [0] NCCL INFO Could not find real path of /sys/class/net/ipogif0/device
nid04919:20510:20522 [0] NCCL INFO include/net.h:19 -> 2
nid04921:14438:14450 [0] NCCL INFO Ring 00 : 12 -> 13 [receive] via NET/Socket/0
nid04922:23079:23091 [0] NCCL INFO Ring 00 : 13 -> 14 [receive] via NET/Socket/0
nid04918:25066:25078 [0] NCCL INFO Ring 00 : 9 -> 10 [receive] via NET/Socket/0
nid04914:25858:25870 [0] NCCL INFO Ring 00 : 5 -> 6 [receive] via NET/Socket/0
nid04913:11294:11306 [0] NCCL INFO Ring 00 : 4 -> 5 [receive] via NET/Socket/0
nid04912:22297:22309 [0] NCCL INFO Ring 00 : 3 -> 4 [receive] via NET/Socket/0
nid04920:16176:16188 [0] NCCL INFO Ring 00 : 11 -> 12 [receive] via NET/Socket/0
nid04911:25638:25650 [0] NCCL INFO Ring 00 : 2 -> 3 [receive] via NET/Socket/0
nid04915:31065:31077 [0] NCCL INFO Ring 00 : 6 -> 7 [receive] via NET/Socket/0
nid04916:28236:28248 [0] NCCL INFO Ring 00 : 7 -> 8 [receive] via NET/Socket/0
nid04908:28890:28912 [0] NCCL INFO Ring 00 : 15 -> 0 [receive] via NET/Socket/0
nid04917:2462:2474 [0] NCCL INFO Ring 00 : 8 -> 9 [receive] via NET/Socket/0
nid04910:30217:30229 [0] NCCL INFO Ring 00 : 1 -> 2 [receive] via NET/Socket/0
nid04919:20510:20522 [0] NCCL INFO Ring 00 : 10 -> 11 [receive] via NET/Socket/0
nid04909:11838:11850 [0] NCCL INFO Ring 00 : 0 -> 1 [receive] via NET/Socket/0
nid04923:1278:1290 [0] NCCL INFO Ring 00 : 14 -> 15 [receive] via NET/Socket/0
nid04921:14438:14450 [0] NCCL INFO NET/Socket: Using 1 threads and 1 sockets per thread
nid04922:23079:23091 [0] NCCL INFO NET/Socket: Using 1 threads and 1 sockets per thread
nid04918:25066:25078 [0] NCCL INFO NET/Socket: Using 1 threads and 1 sockets per thread
nid04914:25858:25870 [0] NCCL INFO NET/Socket: Using 1 threads and 1 sockets per thread
nid04913:11294:11306 [0] NCCL INFO NET/Socket: Using 1 threads and 1 sockets per thread
nid04912:22297:22309 [0] NCCL INFO NET/Socket: Using 1 threads and 1 sockets per thread
nid04920:16176:16188 [0] NCCL INFO NET/Socket: Using 1 threads and 1 sockets per thread
nid04911:25638:25650 [0] NCCL INFO NET/Socket: Using 1 threads and 1 sockets per thread
nid04915:31065:31077 [0] NCCL INFO NET/Socket: Using 1 threads and 1 sockets per thread
nid04916:28236:28248 [0] NCCL INFO NET/Socket: Using 1 threads and 1 sockets per thread
nid04908:28890:28912 [0] NCCL INFO NET/Socket: Using 1 threads and 1 sockets per thread
nid04917:2462:2474 [0] NCCL INFO NET/Socket: Using 1 threads and 1 sockets per thread
nid04910:30217:30229 [0] NCCL INFO NET/Socket: Using 1 threads and 1 sockets per thread
nid04919:20510:20522 [0] NCCL INFO NET/Socket: Using 1 threads and 1 sockets per thread
nid04909:11838:11850 [0] NCCL INFO NET/Socket: Using 1 threads and 1 sockets per thread
nid04923:1278:1290 [0] NCCL INFO NET/Socket: Using 1 threads and 1 sockets per thread
nid04921:14438:14450 [0] NCCL INFO Ring 00 : 13 -> 14 [send] via NET/Socket/0
nid04922:23079:23091 [0] NCCL INFO Ring 00 : 14 -> 15 [send] via NET/Socket/0
nid04918:25066:25078 [0] NCCL INFO Ring 00 : 10 -> 11 [send] via NET/Socket/0
nid04914:25858:25870 [0] NCCL INFO Ring 00 : 6 -> 7 [send] via NET/Socket/0
nid04913:11294:11306 [0] NCCL INFO Ring 00 : 5 -> 6 [send] via NET/Socket/0
nid04912:22297:22309 [0] NCCL INFO Ring 00 : 4 -> 5 [send] via NET/Socket/0
nid04920:16176:16188 [0] NCCL INFO Ring 00 : 12 -> 13 [send] via NET/Socket/0
nid04911:25638:25650 [0] NCCL INFO Ring 00 : 3 -> 4 [send] via NET/Socket/0
nid04915:31065:31077 [0] NCCL INFO Ring 00 : 7 -> 8 [send] via NET/Socket/0
nid04916:28236:28248 [0] NCCL INFO Ring 00 : 8 -> 9 [send] via NET/Socket/0
nid04908:28890:28912 [0] NCCL INFO Ring 00 : 0 -> 1 [send] via NET/Socket/0
nid04917:2462:2474 [0] NCCL INFO Ring 00 : 9 -> 10 [send] via NET/Socket/0
nid04910:30217:30229 [0] NCCL INFO Ring 00 : 2 -> 3 [send] via NET/Socket/0
nid04919:20510:20522 [0] NCCL INFO Ring 00 : 11 -> 12 [send] via NET/Socket/0
nid04909:11838:11850 [0] NCCL INFO Ring 00 : 1 -> 2 [send] via NET/Socket/0
nid04923:1278:1290 [0] NCCL INFO Ring 00 : 15 -> 0 [send] via NET/Socket/0
nid04921:14438:14450 [0] NCCL INFO Could not find real path of /sys/class/net/ipogif0/device
nid04922:23079:23091 [0] NCCL INFO Could not find real path of /sys/class/net/ipogif0/device
nid04922:23079:23091 [0] NCCL INFO include/net.h:19 -> 2
nid04914:25858:25870 [0] NCCL INFO Could not find real path of /sys/class/net/ipogif0/device
nid04913:11294:11306 [0] NCCL INFO Could not find real path of /sys/class/net/ipogif0/device
nid04913:11294:11306 [0] NCCL INFO include/net.h:19 -> 2
nid04912:22297:22309 [0] NCCL INFO Could not find real path of /sys/class/net/ipogif0/device
nid04920:16176:16188 [0] NCCL INFO Could not find real path of /sys/class/net/ipogif0/device
nid04920:16176:16188 [0] NCCL INFO include/net.h:19 -> 2
nid04916:28236:28248 [0] NCCL INFO Could not find real path of /sys/class/net/ipogif0/device
nid04916:28236:28248 [0] NCCL INFO include/net.h:19 -> 2
nid04908:28890:28912 [0] NCCL INFO Could not find real path of /sys/class/net/ipogif0/device
nid04908:28890:28912 [0] NCCL INFO include/net.h:19 -> 2
nid04917:2462:2474 [0] NCCL INFO Could not find real path of /sys/class/net/ipogif0/device
nid04910:30217:30229 [0] NCCL INFO Could not find real path of /sys/class/net/ipogif0/device
nid04910:30217:30229 [0] NCCL INFO include/net.h:19 -> 2
nid04909:11838:11850 [0] NCCL INFO Could not find real path of /sys/class/net/ipogif0/device
nid04909:11838:11850 [0] NCCL INFO include/net.h:19 -> 2
nid04921:14438:14450 [0] NCCL INFO include/net.h:19 -> 2
nid04918:25066:25078 [0] NCCL INFO Could not find real path of /sys/class/net/ipogif0/device
nid04918:25066:25078 [0] NCCL INFO include/net.h:19 -> 2
nid04914:25858:25870 [0] NCCL INFO include/net.h:19 -> 2
nid04912:22297:22309 [0] NCCL INFO include/net.h:19 -> 2
nid04917:2462:2474 [0] NCCL INFO include/net.h:19 -> 2
nid04921:14438:14450 [0] NCCL INFO Ring 00 : 14 -> 13 [receive] via NET/Socket/0
nid04922:23079:23091 [0] NCCL INFO Ring 00 : 15 -> 14 [receive] via NET/Socket/0
nid04914:25858:25870 [0] NCCL INFO Ring 00 : 7 -> 6 [receive] via NET/Socket/0
nid04920:16176:16188 [0] NCCL INFO Ring 00 : 10 -> 12 [receive] via NET/Socket/0
nid04916:28236:28248 [0] NCCL INFO Ring 00 : 4 -> 8 [receive] via NET/Socket/0
nid04917:2462:2474 [0] NCCL INFO Ring 00 : 10 -> 9 [receive] via NET/Socket/0
nid04909:11838:11850 [0] NCCL INFO Ring 00 : 2 -> 1 [receive] via NET/Socket/0
nid04921:14438:14450 [0] NCCL INFO NET/Socket: Using 1 threads and 1 sockets per thread
nid04922:23079:23091 [0] NCCL INFO NET/Socket: Using 1 threads and 1 sockets per thread
nid04918:25066:25078 [0] NCCL INFO Ring 00 : 11 -> 10 [receive] via NET/Socket/0
nid04914:25858:25870 [0] NCCL INFO NET/Socket: Using 1 threads and 1 sockets per thread
nid04913:11294:11306 [0] NCCL INFO Ring 00 : 6 -> 5 [receive] via NET/Socket/0
nid04912:22297:22309 [0] NCCL INFO Ring 00 : 2 -> 4 [receive] via NET/Socket/0
nid04920:16176:16188 [0] NCCL INFO NET/Socket: Using 1 threads and 1 sockets per thread
nid04911:25638:25650 [0] NCCL INFO Ring 00 : 3 -> 2 [send] via NET/Socket/0
nid04915:31065:31077 [0] NCCL INFO Ring 00 : 7 -> 6 [send] via NET/Socket/0
nid04916:28236:28248 [0] NCCL INFO NET/Socket: Using 1 threads and 1 sockets per thread
nid04908:28890:28912 [0] NCCL INFO Ring 00 : 8 -> 0 [receive] via NET/Socket/0
nid04917:2462:2474 [0] NCCL INFO NET/Socket: Using 1 threads and 1 sockets per thread
nid04910:30217:30229 [0] NCCL INFO Ring 00 : 3 -> 2 [receive] via NET/Socket/0
nid04919:20510:20522 [0] NCCL INFO Ring 00 : 11 -> 10 [send] via NET/Socket/0
nid04909:11838:11850 [0] NCCL INFO NET/Socket: Using 1 threads and 1 sockets per thread
nid04923:1278:1290 [0] NCCL INFO Ring 00 : 15 -> 14 [send] via NET/Socket/0
nid04918:25066:25078 [0] NCCL INFO NET/Socket: Using 1 threads and 1 sockets per thread
nid04913:11294:11306 [0] NCCL INFO NET/Socket: Using 1 threads and 1 sockets per thread
nid04912:22297:22309 [0] NCCL INFO NET/Socket: Using 1 threads and 1 sockets per thread
nid04920:16176:16188 [0] NCCL INFO Could not find real path of /sys/class/net/ipogif0/device
nid04920:16176:16188 [0] NCCL INFO include/net.h:19 -> 2
nid04911:25638:25650 [0] NCCL INFO Trees [0] 2->3->-1/-1/-1
nid04915:31065:31077 [0] NCCL INFO Trees [0] 6->7->-1/-1/-1
nid04916:28236:28248 [0] NCCL INFO Could not find real path of /sys/class/net/ipogif0/device
nid04916:28236:28248 [0] NCCL INFO include/net.h:19 -> 2
nid04908:28890:28912 [0] NCCL INFO NET/Socket: Using 1 threads and 1 sockets per thread
nid04910:30217:30229 [0] NCCL INFO NET/Socket: Using 1 threads and 1 sockets per thread
nid04919:20510:20522 [0] NCCL INFO Trees [0] 10->11->-1/-1/-1
nid04923:1278:1290 [0] NCCL INFO Trees [0] 14->15->-1/-1/-1
nid04912:22297:22309 [0] NCCL INFO Could not find real path of /sys/class/net/ipogif0/device
nid04923:1278:1290 [0] NCCL INFO comm 0x2aab4c002260 rank 15 nranks 16 cudaDev 0 nvmlDev 0 - Init COMPLETE
nid04911:25638:25650 [0] NCCL INFO comm 0x2aab4c002260 rank 3 nranks 16 cudaDev 0 nvmlDev 0 - Init COMPLETE
nid04912:22297:22309 [0] NCCL INFO include/net.h:19 -> 2
nid04915:31065:31077 [0] NCCL INFO comm 0x2aab4c002260 rank 7 nranks 16 cudaDev 0 nvmlDev 0 - Init COMPLETE
nid04919:20510:20522 [0] NCCL INFO comm 0x2aab4c002260 rank 11 nranks 16 cudaDev 0 nvmlDev 0 - Init COMPLETE
nid04920:16176:16188 [0] NCCL INFO Ring 00 : 14 -> 12 [receive] via NET/Socket/0
nid04916:28236:28248 [0] NCCL INFO Ring 00 : 12 -> 8 [receive] via NET/Socket/0
nid04922:23079:23091 [0] NCCL INFO Ring 00 : 14 -> 12 [send] via NET/Socket/0
nid04914:25858:25870 [0] NCCL INFO Ring 00 : 6 -> 4 [send] via NET/Socket/0
nid04912:22297:22309 [0] NCCL INFO Ring 00 : 6 -> 4 [receive] via NET/Socket/0
nid04920:16176:16188 [0] NCCL INFO NET/Socket: Using 1 threads and 1 sockets per thread
nid04916:28236:28248 [0] NCCL INFO NET/Socket: Using 1 threads and 1 sockets per thread
nid04910:30217:30229 [0] NCCL INFO Ring 00 : 2 -> 4 [send] via NET/Socket/0
nid04918:25066:25078 [0] NCCL INFO Ring 00 : 10 -> 12 [send] via NET/Socket/0
nid04914:25858:25870 [0] NCCL INFO Could not find real path of /sys/class/net/ipogif0/device
nid04912:22297:22309 [0] NCCL INFO NET/Socket: Using 1 threads and 1 sockets per thread
nid04922:23079:23091 [0] NCCL INFO Could not find real path of /sys/class/net/ipogif0/device
nid04922:23079:23091 [0] NCCL INFO include/net.h:19 -> 2
nid04918:25066:25078 [0] NCCL INFO Could not find real path of /sys/class/net/ipogif0/device
nid04918:25066:25078 [0] NCCL INFO include/net.h:19 -> 2
nid04914:25858:25870 [0] NCCL INFO include/net.h:19 -> 2
nid04910:30217:30229 [0] NCCL INFO Could not find real path of /sys/class/net/ipogif0/device
nid04910:30217:30229 [0] NCCL INFO include/net.h:19 -> 2
nid04920:16176:16188 [0] NCCL INFO Ring 00 : 12 -> 8 [send] via NET/Socket/0
nid04916:28236:28248 [0] NCCL INFO Ring 00 : 8 -> 0 [send] via NET/Socket/0
nid04914:25858:25870 [0] NCCL INFO Ring 00 : 4 -> 6 [receive] via NET/Socket/0
nid04922:23079:23091 [0] NCCL INFO Ring 00 : 12 -> 14 [receive] via NET/Socket/0
nid04910:30217:30229 [0] NCCL INFO Ring 00 : 4 -> 2 [receive] via NET/Socket/0
nid04918:25066:25078 [0] NCCL INFO Ring 00 : 12 -> 10 [receive] via NET/Socket/0
nid04914:25858:25870 [0] NCCL INFO NET/Socket: Using 1 threads and 1 sockets per thread
nid04912:22297:22309 [0] NCCL INFO Ring 00 : 4 -> 8 [send] via NET/Socket/0
nid04920:16176:16188 [0] NCCL INFO Could not find real path of /sys/class/net/ipogif0/device
nid04920:16176:16188 [0] NCCL INFO include/net.h:19 -> 2
nid04910:30217:30229 [0] NCCL INFO NET/Socket: Using 1 threads and 1 sockets per thread
nid04922:23079:23091 [0] NCCL INFO NET/Socket: Using 1 threads and 1 sockets per thread
nid04918:25066:25078 [0] NCCL INFO NET/Socket: Using 1 threads and 1 sockets per thread
nid04912:22297:22309 [0] NCCL INFO Could not find real path of /sys/class/net/ipogif0/device
nid04916:28236:28248 [0] NCCL INFO Could not find real path of /sys/class/net/ipogif0/device
nid04916:28236:28248 [0] NCCL INFO include/net.h:19 -> 2
nid04912:22297:22309 [0] NCCL INFO include/net.h:19 -> 2
nid04920:16176:16188 [0] NCCL INFO Ring 00 : 8 -> 12 [receive] via NET/Socket/0
nid04914:25858:25870 [0] NCCL INFO Ring 00 : 6 -> 5 [send] via NET/Socket/0
nid04908:28890:28912 [0] NCCL INFO Ring 00 : 0 -> 8 [send] via NET/Socket/0
nid04922:23079:23091 [0] NCCL INFO Ring 00 : 14 -> 13 [send] via NET/Socket/0
nid04913:11294:11306 [0] NCCL INFO Trees [0] 6->5->-1/-1/-1
nid04912:22297:22309 [0] NCCL INFO Ring 00 : 8 -> 4 [receive] via NET/Socket/0
nid04920:16176:16188 [0] NCCL INFO NET/Socket: Using 1 threads and 1 sockets per thread
nid04916:28236:28248 [0] NCCL INFO Ring 00 : 0 -> 8 [receive] via NET/Socket/0
nid04910:30217:30229 [0] NCCL INFO Ring 00 : 2 -> 1 [send] via NET/Socket/0
nid04921:14438:14450 [0] NCCL INFO Trees [0] 14->13->-1/-1/-1
nid04912:22297:22309 [0] NCCL INFO NET/Socket: Using 1 threads and 1 sockets per thread
nid04908:28890:28912 [0] NCCL INFO Trees [0] -1->0->8/-1/-1
nid04908:28890:28912 [0] NCCL INFO Using 256 threads, Min Comp Cap 6, Trees enabled up to size 299999
nid04909:11838:11850 [0] NCCL INFO Trees [0] 2->1->-1/-1/-1
nid04918:25066:25078 [0] NCCL INFO Ring 00 : 10 -> 9 [send] via NET/Socket/0
nid04916:28236:28248 [0] NCCL INFO NET/Socket: Using 1 threads and 1 sockets per thread
nid04917:2462:2474 [0] NCCL INFO Trees [0] 10->9->-1/-1/-1
nid04921:14438:14450 [0] NCCL INFO comm 0x2aab4c002260 rank 13 nranks 16 cudaDev 0 nvmlDev 0 - Init COMPLETE
nid04913:11294:11306 [0] NCCL INFO comm 0x2aab4c002260 rank 5 nranks 16 cudaDev 0 nvmlDev 0 - Init COMPLETE
nid04908:28890:28912 [0] NCCL INFO comm 0x2aab74002260 rank 0 nranks 16 cudaDev 0 nvmlDev 0 - Init COMPLETE
nid04917:2462:2474 [0] NCCL INFO comm 0x2aab4c002260 rank 9 nranks 16 cudaDev 0 nvmlDev 0 - Init COMPLETE
nid04909:11838:11850 [0] NCCL INFO comm 0x2aab4c002260 rank 1 nranks 16 cudaDev 0 nvmlDev 0 - Init COMPLETE
nid04908:28890:28890 [0] NCCL INFO Launch mode Parallel
nid04920:16176:16188 [0] NCCL INFO Ring 00 : 12 -> 10 [send] via NET/Socket/0
nid04916:28236:28248 [0] NCCL INFO Ring 00 : 8 -> 4 [send] via NET/Socket/0
nid04912:22297:22309 [0] NCCL INFO Ring 00 : 4 -> 2 [send] via NET/Socket/0
nid04920:16176:16188 [0] NCCL INFO Ring 00 : 12 -> 14 [send] via NET/Socket/0
nid04918:25066:25078 [0] NCCL INFO Trees [0] 12->10->9/11/-1
nid04922:23079:23091 [0] NCCL INFO Trees [0] 12->14->13/15/-1
nid04916:28236:28248 [0] NCCL INFO Ring 00 : 8 -> 12 [send] via NET/Socket/0
nid04912:22297:22309 [0] NCCL INFO Ring 00 : 4 -> 6 [send] via NET/Socket/0
nid04920:16176:16188 [0] NCCL INFO Trees [0] 8->12->10/14/-1
nid04910:30217:30229 [0] NCCL INFO Trees [0] 4->2->1/3/-1
nid04918:25066:25078 [0] NCCL INFO comm 0x2aab4c002260 rank 10 nranks 16 cudaDev 0 nvmlDev 0 - Init COMPLETE
nid04914:25858:25870 [0] NCCL INFO Trees [0] 4->6->5/7/-1
nid04916:28236:28248 [0] NCCL INFO Trees [0] 0->8->4/12/-1
nid04922:23079:23091 [0] NCCL INFO comm 0x2aab4c002260 rank 14 nranks 16 cudaDev 0 nvmlDev 0 - Init COMPLETE
nid04912:22297:22309 [0] NCCL INFO Trees [0] 8->4->2/6/-1
nid04920:16176:16188 [0] NCCL INFO comm 0x2aab4c002260 rank 12 nranks 16 cudaDev 0 nvmlDev 0 - Init COMPLETE
nid04916:28236:28248 [0] NCCL INFO comm 0x2aab4c002260 rank 8 nranks 16 cudaDev 0 nvmlDev 0 - Init COMPLETE
nid04910:30217:30229 [0] NCCL INFO comm 0x2aab4c002260 rank 2 nranks 16 cudaDev 0 nvmlDev 0 - Init COMPLETE
nid04914:25858:25870 [0] NCCL INFO comm 0x2aab4c002260 rank 6 nranks 16 cudaDev 0 nvmlDev 0 - Init COMPLETE
nid04912:22297:22309 [0] NCCL INFO comm 0x2aab4c002260 rank 4 nranks 16 cudaDev 0 nvmlDev 0 - Init COMPLETE
Duration/ms: 3.43005535364151
