nid05351:23116:23116 [0] NCCL INFO Bootstrap : Using [0]ipogif0:148.187.53.18<0>
nid05355:8787:8787 [0] NCCL INFO Bootstrap : Using [0]ipogif0:148.187.53.22<0>
nid05361:11583:11583 [0] NCCL INFO Bootstrap : Using [0]ipogif0:148.187.53.28<0>
nid05365:30000:30000 [0] NCCL INFO Bootstrap : Using [0]ipogif0:148.187.53.32<0>
nid05356:14689:14689 [0] NCCL INFO Bootstrap : Using [0]ipogif0:148.187.53.23<0>
nid05366:4235:4235 [0] NCCL INFO Bootstrap : Using [0]ipogif0:148.187.53.33<0>
nid05355:8787:8787 [0] NCCL INFO NET/Plugin : No plugin found (libnccl-net.so).
nid05363:14305:14305 [0] NCCL INFO Bootstrap : Using [0]ipogif0:148.187.53.30<0>
nid05361:11583:11583 [0] NCCL INFO NET/Plugin : No plugin found (libnccl-net.so).
nid05352:25641:25641 [0] NCCL INFO Bootstrap : Using [0]ipogif0:148.187.53.19<0>
nid05358:31256:31256 [0] NCCL INFO Bootstrap : Using [0]ipogif0:148.187.53.25<0>
nid05362:3065:3065 [0] NCCL INFO Bootstrap : Using [0]ipogif0:148.187.53.29<0>
nid05357:2769:2769 [0] NCCL INFO Bootstrap : Using [0]ipogif0:148.187.53.24<0>
nid05356:14689:14689 [0] NCCL INFO NET/Plugin : No plugin found (libnccl-net.so).
nid05353:20387:20387 [0] NCCL INFO Bootstrap : Using [0]ipogif0:148.187.53.20<0>
nid05358:31256:31256 [0] NCCL INFO NET/Plugin : No plugin found (libnccl-net.so).
nid05352:25641:25641 [0] NCCL INFO NET/Plugin : No plugin found (libnccl-net.so).
nid05351:23116:23116 [0] NCCL INFO NET/Plugin : No plugin found (libnccl-net.so).
libibverbs: Could not locate libibgni (/usr/lib64/libibgni.so.1: undefined symbol: verbs_uninit_context)
libibverbs: Warning: couldn't open config directory '/opt/cray/rdma-core/22.3-7.0.2.1_2.21__g42f5f32b.ari/etc/libibverbs.d'.
nid05351:23116:23116 [0] NCCL INFO NET/IB : No device found.
nid05351:23116:23116 [0] NCCL INFO NET/Socket : Using [0]ipogif0:148.187.53.18<0>
nid05353:20387:20387 [0] NCCL INFO NET/Plugin : No plugin found (libnccl-net.so).
NCCL version 2.4.8+cuda10.1
nid05351:23116:23138 [0] NCCL INFO Setting affinity for GPU 0 to ffffff
libibverbs: Could not locate libibgni (/usr/lib64/libibgni.so.1: undefined symbol: verbs_uninit_context)
libibverbs: Warning: couldn't open config directory '/opt/cray/rdma-core/22.3-7.0.2.1_2.21__g42f5f32b.ari/etc/libibverbs.d'.
nid05355:8787:8787 [0] NCCL INFO NET/IB : No device found.
nid05355:8787:8787 [0] NCCL INFO NET/Socket : Using [0]ipogif0:148.187.53.22<0>
libibverbs: Could not locate libibgni (/usr/lib64/libibgni.so.1: undefined symbol: verbs_uninit_context)
libibverbs: Warning: couldn't open config directory '/opt/cray/rdma-core/22.3-7.0.2.1_2.21__g42f5f32b.ari/etc/libibverbs.d'.
nid05361:11583:11583 [0] NCCL INFO NET/IB : No device found.
nid05361:11583:11583 [0] NCCL INFO NET/Socket : Using [0]ipogif0:148.187.53.28<0>
libibverbs: Could not locate libibgni (/usr/lib64/libibgni.so.1: undefined symbol: verbs_uninit_context)
libibverbs: Warning: couldn't open config directory '/opt/cray/rdma-core/22.3-7.0.2.1_2.21__g42f5f32b.ari/etc/libibverbs.d'.
nid05352:25641:25641 [0] NCCL INFO NET/IB : No device found.
nid05352:25641:25641 [0] NCCL INFO NET/Socket : Using [0]ipogif0:148.187.53.19<0>
libibverbs: Could not locate libibgni (/usr/lib64/libibgni.so.1: undefined symbol: verbs_uninit_context)
libibverbs: Warning: couldn't open config directory '/opt/cray/rdma-core/22.3-7.0.2.1_2.21__g42f5f32b.ari/etc/libibverbs.d'.
nid05358:31256:31256 [0] NCCL INFO NET/IB : No device found.
nid05358:31256:31256 [0] NCCL INFO NET/Socket : Using [0]ipogif0:148.187.53.25<0>
libibverbs: Could not locate libibgni (/usr/lib64/libibgni.so.1: undefined symbol: verbs_uninit_context)
libibverbs: Warning: couldn't open config directory '/opt/cray/rdma-core/22.3-7.0.2.1_2.21__g42f5f32b.ari/etc/libibverbs.d'.
nid05356:14689:14689 [0] NCCL INFO NET/IB : No device found.
nid05356:14689:14689 [0] NCCL INFO NET/Socket : Using [0]ipogif0:148.187.53.23<0>
libibverbs: Could not locate libibgni (/usr/lib64/libibgni.so.1: undefined symbol: verbs_uninit_context)
libibverbs: Warning: couldn't open config directory '/opt/cray/rdma-core/22.3-7.0.2.1_2.21__g42f5f32b.ari/etc/libibverbs.d'.
nid05353:20387:20387 [0] NCCL INFO NET/IB : No device found.
nid05353:20387:20387 [0] NCCL INFO NET/Socket : Using [0]ipogif0:148.187.53.20<0>
nid05355:8787:8800 [0] NCCL INFO Setting affinity for GPU 0 to ffffff
nid05361:11583:11595 [0] NCCL INFO Setting affinity for GPU 0 to ffffff
nid05352:25641:25653 [0] NCCL INFO Setting affinity for GPU 0 to ffffff
nid05358:31256:31268 [0] NCCL INFO Setting affinity for GPU 0 to ffffff
nid05365:30000:30000 [0] NCCL INFO NET/Plugin : No plugin found (libnccl-net.so).
nid05363:14305:14305 [0] NCCL INFO NET/Plugin : No plugin found (libnccl-net.so).
libibverbs: Could not locate libibgni (/usr/lib64/libibgni.so.1: undefined symbol: verbs_uninit_context)
nid05366:4235:4235 [0] NCCL INFO NET/Plugin : No plugin found (libnccl-net.so).
libibverbs: Could not locate libibgni (/usr/lib64/libibgni.so.1: undefined symbol: verbs_uninit_context)
nid05362:3065:3065 [0] NCCL INFO NET/Plugin : No plugin found (libnccl-net.so).
libibverbs: Warning: couldn't open config directory '/opt/cray/rdma-core/22.3-7.0.2.1_2.21__g42f5f32b.ari/etc/libibverbs.d'.
nid05365:30000:30000 [0] NCCL INFO NET/IB : No device found.
libibverbs: Warning: couldn't open config directory '/opt/cray/rdma-core/22.3-7.0.2.1_2.21__g42f5f32b.ari/etc/libibverbs.d'.
nid05363:14305:14305 [0] NCCL INFO NET/IB : No device found.
libibverbs: Could not locate libibgni (/usr/lib64/libibgni.so.1: undefined symbol: verbs_uninit_context)
nid05365:30000:30000 [0] NCCL INFO NET/Socket : Using [0]ipogif0:148.187.53.32<0>
libibverbs: Could not locate libibgni (/usr/lib64/libibgni.so.1: undefined symbol: verbs_uninit_context)
nid05363:14305:14305 [0] NCCL INFO NET/Socket : Using [0]ipogif0:148.187.53.30<0>
libibverbs: Warning: couldn't open config directory '/opt/cray/rdma-core/22.3-7.0.2.1_2.21__g42f5f32b.ari/etc/libibverbs.d'.
nid05366:4235:4235 [0] NCCL INFO NET/IB : No device found.
libibverbs: Warning: couldn't open config directory '/opt/cray/rdma-core/22.3-7.0.2.1_2.21__g42f5f32b.ari/etc/libibverbs.d'.
nid05362:3065:3065 [0] NCCL INFO NET/IB : No device found.
nid05365:30000:30012 [0] NCCL INFO Setting affinity for GPU 0 to ffffff
nid05363:14305:14317 [0] NCCL INFO Setting affinity for GPU 0 to ffffff
nid05366:4235:4235 [0] NCCL INFO NET/Socket : Using [0]ipogif0:148.187.53.33<0>
nid05356:14689:14701 [0] NCCL INFO Setting affinity for GPU 0 to ffffff
nid05362:3065:3065 [0] NCCL INFO NET/Socket : Using [0]ipogif0:148.187.53.29<0>
nid05362:3065:3077 [0] NCCL INFO Setting affinity for GPU 0 to ffffff
nid05353:20387:20399 [0] NCCL INFO Setting affinity for GPU 0 to ffffff
nid05366:4235:4247 [0] NCCL INFO Setting affinity for GPU 0 to ffffff
nid05359:7520:7520 [0] NCCL INFO Bootstrap : Using [0]ipogif0:148.187.53.26<0>
nid05357:2769:2769 [0] NCCL INFO NET/Plugin : No plugin found (libnccl-net.so).
libibverbs: Could not locate libibgni (/usr/lib64/libibgni.so.1: undefined symbol: verbs_uninit_context)
libibverbs: Warning: couldn't open config directory '/opt/cray/rdma-core/22.3-7.0.2.1_2.21__g42f5f32b.ari/etc/libibverbs.d'.
nid05357:2769:2769 [0] NCCL INFO NET/IB : No device found.
nid05357:2769:2769 [0] NCCL INFO NET/Socket : Using [0]ipogif0:148.187.53.24<0>
nid05357:2769:2781 [0] NCCL INFO Setting affinity for GPU 0 to ffffff
nid05359:7520:7520 [0] NCCL INFO NET/Plugin : No plugin found (libnccl-net.so).
libibverbs: Could not locate libibgni (/usr/lib64/libibgni.so.1: undefined symbol: verbs_uninit_context)
libibverbs: Warning: couldn't open config directory '/opt/cray/rdma-core/22.3-7.0.2.1_2.21__g42f5f32b.ari/etc/libibverbs.d'.
nid05359:7520:7520 [0] NCCL INFO NET/IB : No device found.
nid05359:7520:7520 [0] NCCL INFO NET/Socket : Using [0]ipogif0:148.187.53.26<0>
nid05360:15125:15125 [0] NCCL INFO Bootstrap : Using [0]ipogif0:148.187.53.27<0>
nid05359:7520:7532 [0] NCCL INFO Setting affinity for GPU 0 to ffffff
nid05364:19665:19665 [0] NCCL INFO Bootstrap : Using [0]ipogif0:148.187.53.31<0>
nid05354:31054:31054 [0] NCCL INFO Bootstrap : Using [0]ipogif0:148.187.53.21<0>
nid05360:15125:15125 [0] NCCL INFO NET/Plugin : No plugin found (libnccl-net.so).
libibverbs: Could not locate libibgni (/usr/lib64/libibgni.so.1: undefined symbol: verbs_uninit_context)
libibverbs: Warning: couldn't open config directory '/opt/cray/rdma-core/22.3-7.0.2.1_2.21__g42f5f32b.ari/etc/libibverbs.d'.
nid05360:15125:15125 [0] NCCL INFO NET/IB : No device found.
nid05360:15125:15125 [0] NCCL INFO NET/Socket : Using [0]ipogif0:148.187.53.27<0>
nid05360:15125:15137 [0] NCCL INFO Setting affinity for GPU 0 to ffffff
nid05366:4235:4247 [0] NCCL INFO Could not find real path of /sys/class/net/ipogif0/device
nid05366:4235:4247 [0] NCCL INFO include/net.h:19 -> 2
nid05366:4235:4247 [0] NCCL INFO CUDA Dev 0[0], Socket NIC distance :  SYS
nid05351:23116:23138 [0] NCCL INFO Could not find real path of /sys/class/net/ipogif0/device
nid05351:23116:23138 [0] NCCL INFO include/net.h:19 -> 2
nid05351:23116:23138 [0] NCCL INFO CUDA Dev 0[0], Socket NIC distance :  SYS
nid05352:25641:25653 [0] NCCL INFO Could not find real path of /sys/class/net/ipogif0/device
nid05352:25641:25653 [0] NCCL INFO include/net.h:19 -> 2
nid05352:25641:25653 [0] NCCL INFO CUDA Dev 0[0], Socket NIC distance :  SYS
nid05359:7520:7532 [0] NCCL INFO Could not find real path of /sys/class/net/ipogif0/device
nid05359:7520:7532 [0] NCCL INFO include/net.h:19 -> 2
nid05359:7520:7532 [0] NCCL INFO CUDA Dev 0[0], Socket NIC distance :  SYS
nid05355:8787:8800 [0] NCCL INFO Could not find real path of /sys/class/net/ipogif0/device
nid05355:8787:8800 [0] NCCL INFO include/net.h:19 -> 2
nid05356:14689:14701 [0] NCCL INFO Could not find real path of /sys/class/net/ipogif0/device
nid05356:14689:14701 [0] NCCL INFO include/net.h:19 -> 2
nid05358:31256:31268 [0] NCCL INFO Could not find real path of /sys/class/net/ipogif0/device
nid05358:31256:31268 [0] NCCL INFO include/net.h:19 -> 2
nid05358:31256:31268 [0] NCCL INFO CUDA Dev 0[0], Socket NIC distance :  SYS
nid05353:20387:20399 [0] NCCL INFO Could not find real path of /sys/class/net/ipogif0/device
nid05353:20387:20399 [0] NCCL INFO include/net.h:19 -> 2
nid05361:11583:11595 [0] NCCL INFO Could not find real path of /sys/class/net/ipogif0/device
nid05361:11583:11595 [0] NCCL INFO include/net.h:19 -> 2
nid05361:11583:11595 [0] NCCL INFO CUDA Dev 0[0], Socket NIC distance :  SYS
nid05357:2769:2781 [0] NCCL INFO Could not find real path of /sys/class/net/ipogif0/device
nid05357:2769:2781 [0] NCCL INFO include/net.h:19 -> 2
nid05357:2769:2781 [0] NCCL INFO CUDA Dev 0[0], Socket NIC distance :  SYS
nid05362:3065:3077 [0] NCCL INFO Could not find real path of /sys/class/net/ipogif0/device
nid05362:3065:3077 [0] NCCL INFO include/net.h:19 -> 2
nid05362:3065:3077 [0] NCCL INFO CUDA Dev 0[0], Socket NIC distance :  SYS
nid05365:30000:30012 [0] NCCL INFO Could not find real path of /sys/class/net/ipogif0/device
nid05365:30000:30012 [0] NCCL INFO include/net.h:19 -> 2
nid05365:30000:30012 [0] NCCL INFO CUDA Dev 0[0], Socket NIC distance :  SYS
libibverbs: Could not locate libibgni (/usr/lib64/libibgni.so.1: undefined symbol: verbs_uninit_context)
nid05360:15125:15137 [0] NCCL INFO Could not find real path of /sys/class/net/ipogif0/device
nid05360:15125:15137 [0] NCCL INFO include/net.h:19 -> 2
nid05360:15125:15137 [0] NCCL INFO CUDA Dev 0[0], Socket NIC distance :  SYS
libibverbs: Could not locate libibgni (/usr/lib64/libibgni.so.1: undefined symbol: verbs_uninit_context)
nid05363:14305:14317 [0] NCCL INFO Could not find real path of /sys/class/net/ipogif0/device
nid05363:14305:14317 [0] NCCL INFO include/net.h:19 -> 2
nid05363:14305:14317 [0] NCCL INFO CUDA Dev 0[0], Socket NIC distance :  SYS
libibverbs: Warning: couldn't open config directory '/opt/cray/rdma-core/22.3-7.0.2.1_2.21__g42f5f32b.ari/etc/libibverbs.d'.
nid05355:8787:8800 [0] NCCL INFO CUDA Dev 0[0], Socket NIC distance :  SYS
libibverbs: Warning: couldn't open config directory '/opt/cray/rdma-core/22.3-7.0.2.1_2.21__g42f5f32b.ari/etc/libibverbs.d'.
nid05356:14689:14701 [0] NCCL INFO CUDA Dev 0[0], Socket NIC distance :  SYS
nid05353:20387:20399 [0] NCCL INFO CUDA Dev 0[0], Socket NIC distance :  SYS
nid05351:23116:23138 [0] NCCL INFO Channel 00 :    0   1   2   3   4   5   6   7   8   9  10  11  12  13  14  15
nid05352:25641:25653 [0] NCCL INFO Could not find real path of /sys/class/net/ipogif0/device
nid05352:25641:25653 [0] NCCL INFO include/net.h:19 -> 2
nid05359:7520:7532 [0] NCCL INFO Could not find real path of /sys/class/net/ipogif0/device
nid05359:7520:7532 [0] NCCL INFO include/net.h:19 -> 2
nid05355:8787:8800 [0] NCCL INFO Could not find real path of /sys/class/net/ipogif0/device
nid05355:8787:8800 [0] NCCL INFO include/net.h:19 -> 2
nid05356:14689:14701 [0] NCCL INFO Could not find real path of /sys/class/net/ipogif0/device
nid05356:14689:14701 [0] NCCL INFO include/net.h:19 -> 2
nid05358:31256:31268 [0] NCCL INFO Could not find real path of /sys/class/net/ipogif0/device
nid05358:31256:31268 [0] NCCL INFO include/net.h:19 -> 2
nid05353:20387:20399 [0] NCCL INFO Could not find real path of /sys/class/net/ipogif0/device
nid05353:20387:20399 [0] NCCL INFO include/net.h:19 -> 2
nid05357:2769:2781 [0] NCCL INFO Could not find real path of /sys/class/net/ipogif0/device
nid05357:2769:2781 [0] NCCL INFO include/net.h:19 -> 2
nid05362:3065:3077 [0] NCCL INFO Could not find real path of /sys/class/net/ipogif0/device
nid05362:3065:3077 [0] NCCL INFO include/net.h:19 -> 2
nid05365:30000:30012 [0] NCCL INFO Could not find real path of /sys/class/net/ipogif0/device
nid05365:30000:30012 [0] NCCL INFO include/net.h:19 -> 2
nid05360:15125:15137 [0] NCCL INFO Could not find real path of /sys/class/net/ipogif0/device
nid05360:15125:15137 [0] NCCL INFO include/net.h:19 -> 2
nid05366:4235:4247 [0] NCCL INFO Could not find real path of /sys/class/net/ipogif0/device
nid05366:4235:4247 [0] NCCL INFO include/net.h:19 -> 2
nid05351:23116:23138 [0] NCCL INFO Could not find real path of /sys/class/net/ipogif0/device
nid05351:23116:23138 [0] NCCL INFO include/net.h:19 -> 2
nid05361:11583:11595 [0] NCCL INFO Could not find real path of /sys/class/net/ipogif0/device
nid05361:11583:11595 [0] NCCL INFO include/net.h:19 -> 2
nid05363:14305:14317 [0] NCCL INFO Could not find real path of /sys/class/net/ipogif0/device
nid05363:14305:14317 [0] NCCL INFO include/net.h:19 -> 2
nid05365:30000:30012 [0] NCCL INFO Ring 00 : 13 -> 14 [receive] via NET/Socket/0
nid05366:4235:4247 [0] NCCL INFO Ring 00 : 14 -> 15 [receive] via NET/Socket/0
nid05364:19665:19665 [0] NCCL INFO NET/Plugin : No plugin found (libnccl-net.so).
nid05354:31054:31054 [0] NCCL INFO NET/Plugin : No plugin found (libnccl-net.so).
nid05352:25641:25653 [0] NCCL INFO Ring 00 : 0 -> 1 [receive] via NET/Socket/0
nid05359:7520:7532 [0] NCCL INFO Ring 00 : 7 -> 8 [receive] via NET/Socket/0
nid05355:8787:8800 [0] NCCL INFO Ring 00 : 3 -> 4 [receive] via NET/Socket/0
nid05356:14689:14701 [0] NCCL INFO Ring 00 : 4 -> 5 [receive] via NET/Socket/0
nid05358:31256:31268 [0] NCCL INFO Ring 00 : 6 -> 7 [receive] via NET/Socket/0
nid05353:20387:20399 [0] NCCL INFO Ring 00 : 1 -> 2 [receive] via NET/Socket/0
nid05357:2769:2781 [0] NCCL INFO Ring 00 : 5 -> 6 [receive] via NET/Socket/0
nid05362:3065:3077 [0] NCCL INFO Ring 00 : 10 -> 11 [receive] via NET/Socket/0
nid05365:30000:30012 [0] NCCL INFO NET/Socket: Using 1 threads and 1 sockets per thread
nid05360:15125:15137 [0] NCCL INFO Ring 00 : 8 -> 9 [receive] via NET/Socket/0
nid05363:14305:14317 [0] NCCL INFO Ring 00 : 11 -> 12 [receive] via NET/Socket/0
nid05366:4235:4247 [0] NCCL INFO NET/Socket: Using 1 threads and 1 sockets per thread
nid05351:23116:23138 [0] NCCL INFO Ring 00 : 15 -> 0 [receive] via NET/Socket/0
nid05352:25641:25653 [0] NCCL INFO NET/Socket: Using 1 threads and 1 sockets per thread
nid05359:7520:7532 [0] NCCL INFO NET/Socket: Using 1 threads and 1 sockets per thread
nid05355:8787:8800 [0] NCCL INFO NET/Socket: Using 1 threads and 1 sockets per thread
nid05356:14689:14701 [0] NCCL INFO NET/Socket: Using 1 threads and 1 sockets per thread
nid05358:31256:31268 [0] NCCL INFO NET/Socket: Using 1 threads and 1 sockets per thread
nid05353:20387:20399 [0] NCCL INFO NET/Socket: Using 1 threads and 1 sockets per thread
nid05361:11583:11595 [0] NCCL INFO Ring 00 : 9 -> 10 [receive] via NET/Socket/0
nid05357:2769:2781 [0] NCCL INFO NET/Socket: Using 1 threads and 1 sockets per thread
nid05362:3065:3077 [0] NCCL INFO NET/Socket: Using 1 threads and 1 sockets per thread
nid05360:15125:15137 [0] NCCL INFO NET/Socket: Using 1 threads and 1 sockets per thread
nid05363:14305:14317 [0] NCCL INFO NET/Socket: Using 1 threads and 1 sockets per thread
nid05351:23116:23138 [0] NCCL INFO NET/Socket: Using 1 threads and 1 sockets per thread
nid05361:11583:11595 [0] NCCL INFO NET/Socket: Using 1 threads and 1 sockets per thread
nid05364:19665:19665 [0] NCCL INFO NET/IB : No device found.
nid05354:31054:31054 [0] NCCL INFO NET/IB : No device found.
nid05364:19665:19665 [0] NCCL INFO NET/Socket : Using [0]ipogif0:148.187.53.31<0>
nid05354:31054:31054 [0] NCCL INFO NET/Socket : Using [0]ipogif0:148.187.53.21<0>
nid05352:25641:25653 [0] NCCL INFO Ring 00 : 1 -> 2 [send] via NET/Socket/0
nid05353:20387:20399 [0] NCCL INFO Ring 00 : 2 -> 3 [send] via NET/Socket/0
nid05365:30000:30012 [0] NCCL INFO Ring 00 : 14 -> 15 [send] via NET/Socket/0
nid05366:4235:4247 [0] NCCL INFO Ring 00 : 15 -> 0 [send] via NET/Socket/0
nid05364:19665:19678 [0] NCCL INFO Setting affinity for GPU 0 to ffffff
nid05354:31054:31066 [0] NCCL INFO Setting affinity for GPU 0 to ffffff
nid05359:7520:7532 [0] NCCL INFO Ring 00 : 8 -> 9 [send] via NET/Socket/0
nid05355:8787:8800 [0] NCCL INFO Ring 00 : 4 -> 5 [send] via NET/Socket/0
nid05356:14689:14701 [0] NCCL INFO Ring 00 : 5 -> 6 [send] via NET/Socket/0
nid05358:31256:31268 [0] NCCL INFO Ring 00 : 7 -> 8 [send] via NET/Socket/0
nid05353:20387:20399 [0] NCCL INFO Could not find real path of /sys/class/net/ipogif0/device
nid05353:20387:20399 [0] NCCL INFO include/net.h:19 -> 2
nid05361:11583:11595 [0] NCCL INFO Ring 00 : 10 -> 11 [send] via NET/Socket/0
nid05357:2769:2781 [0] NCCL INFO Ring 00 : 6 -> 7 [send] via NET/Socket/0
nid05362:3065:3077 [0] NCCL INFO Ring 00 : 11 -> 12 [send] via NET/Socket/0
nid05365:30000:30012 [0] NCCL INFO Could not find real path of /sys/class/net/ipogif0/device
nid05365:30000:30012 [0] NCCL INFO include/net.h:19 -> 2
nid05360:15125:15137 [0] NCCL INFO Ring 00 : 9 -> 10 [send] via NET/Socket/0
nid05364:19665:19678 [0] NCCL INFO Could not find real path of /sys/class/net/ipogif0/device
nid05364:19665:19678 [0] NCCL INFO include/net.h:19 -> 2
nid05351:23116:23138 [0] NCCL INFO Ring 00 : 0 -> 1 [send] via NET/Socket/0
nid05354:31054:31066 [0] NCCL INFO Could not find real path of /sys/class/net/ipogif0/device
nid05354:31054:31066 [0] NCCL INFO include/net.h:19 -> 2
nid05354:31054:31066 [0] NCCL INFO CUDA Dev 0[0], Socket NIC distance :  SYS
nid05352:25641:25653 [0] NCCL INFO Could not find real path of /sys/class/net/ipogif0/device
nid05352:25641:25653 [0] NCCL INFO include/net.h:19 -> 2
nid05355:8787:8800 [0] NCCL INFO Could not find real path of /sys/class/net/ipogif0/device
nid05355:8787:8800 [0] NCCL INFO include/net.h:19 -> 2
nid05356:14689:14701 [0] NCCL INFO Could not find real path of /sys/class/net/ipogif0/device
nid05356:14689:14701 [0] NCCL INFO include/net.h:19 -> 2
nid05357:2769:2781 [0] NCCL INFO Could not find real path of /sys/class/net/ipogif0/device
nid05357:2769:2781 [0] NCCL INFO include/net.h:19 -> 2
nid05360:15125:15137 [0] NCCL INFO Could not find real path of /sys/class/net/ipogif0/device
nid05360:15125:15137 [0] NCCL INFO include/net.h:19 -> 2
nid05364:19665:19678 [0] NCCL INFO CUDA Dev 0[0], Socket NIC distance :  SYS
nid05351:23116:23138 [0] NCCL INFO Could not find real path of /sys/class/net/ipogif0/device
nid05354:31054:31066 [0] NCCL INFO Could not find real path of /sys/class/net/ipogif0/device
nid05354:31054:31066 [0] NCCL INFO include/net.h:19 -> 2
nid05359:7520:7532 [0] NCCL INFO Could not find real path of /sys/class/net/ipogif0/device
nid05359:7520:7532 [0] NCCL INFO include/net.h:19 -> 2
nid05361:11583:11595 [0] NCCL INFO Could not find real path of /sys/class/net/ipogif0/device
nid05364:19665:19678 [0] NCCL INFO Could not find real path of /sys/class/net/ipogif0/device
nid05364:19665:19678 [0] NCCL INFO include/net.h:19 -> 2
nid05351:23116:23138 [0] NCCL INFO include/net.h:19 -> 2
nid05354:31054:31066 [0] NCCL INFO Ring 00 : 2 -> 3 [receive] via NET/Socket/0
nid05361:11583:11595 [0] NCCL INFO include/net.h:19 -> 2
nid05364:19665:19678 [0] NCCL INFO Ring 00 : 12 -> 13 [receive] via NET/Socket/0
nid05354:31054:31066 [0] NCCL INFO NET/Socket: Using 1 threads and 1 sockets per thread
nid05364:19665:19678 [0] NCCL INFO NET/Socket: Using 1 threads and 1 sockets per thread
nid05354:31054:31066 [0] NCCL INFO Ring 00 : 3 -> 4 [send] via NET/Socket/0
nid05364:19665:19678 [0] NCCL INFO Ring 00 : 13 -> 14 [send] via NET/Socket/0
nid05365:30000:30012 [0] NCCL INFO Ring 00 : 15 -> 14 [receive] via NET/Socket/0
nid05366:4235:4247 [0] NCCL INFO Ring 00 : 15 -> 14 [send] via NET/Socket/0
nid05352:25641:25653 [0] NCCL INFO Ring 00 : 2 -> 1 [receive] via NET/Socket/0
nid05355:8787:8800 [0] NCCL INFO Ring 00 : 2 -> 4 [receive] via NET/Socket/0
nid05356:14689:14701 [0] NCCL INFO Ring 00 : 6 -> 5 [receive] via NET/Socket/0
nid05353:20387:20399 [0] NCCL INFO Ring 00 : 3 -> 2 [receive] via NET/Socket/0
nid05357:2769:2781 [0] NCCL INFO Ring 00 : 7 -> 6 [receive] via NET/Socket/0
nid05365:30000:30012 [0] NCCL INFO NET/Socket: Using 1 threads and 1 sockets per thread
nid05360:15125:15137 [0] NCCL INFO Ring 00 : 10 -> 9 [receive] via NET/Socket/0
nid05363:14305:14317 [0] NCCL INFO Ring 00 : 12 -> 13 [send] via NET/Socket/0
nid05366:4235:4247 [0] NCCL INFO Trees [0] 14->15->-1/-1/-1
nid05351:23116:23138 [0] NCCL INFO Ring 00 : 8 -> 0 [receive] via NET/Socket/0
nid05352:25641:25653 [0] NCCL INFO NET/Socket: Using 1 threads and 1 sockets per thread
nid05359:7520:7532 [0] NCCL INFO Ring 00 : 4 -> 8 [receive] via NET/Socket/0
nid05355:8787:8800 [0] NCCL INFO NET/Socket: Using 1 threads and 1 sockets per thread
nid05356:14689:14701 [0] NCCL INFO NET/Socket: Using 1 threads and 1 sockets per thread
nid05358:31256:31268 [0] NCCL INFO Ring 00 : 7 -> 6 [send] via NET/Socket/0
nid05353:20387:20399 [0] NCCL INFO NET/Socket: Using 1 threads and 1 sockets per thread
nid05361:11583:11595 [0] NCCL INFO Ring 00 : 11 -> 10 [receive] via NET/Socket/0
nid05357:2769:2781 [0] NCCL INFO NET/Socket: Using 1 threads and 1 sockets per thread
nid05362:3065:3077 [0] NCCL INFO Ring 00 : 11 -> 10 [send] via NET/Socket/0
nid05360:15125:15137 [0] NCCL INFO NET/Socket: Using 1 threads and 1 sockets per thread
nid05351:23116:23138 [0] NCCL INFO NET/Socket: Using 1 threads and 1 sockets per thread
nid05354:31054:31066 [0] NCCL INFO Ring 00 : 3 -> 2 [send] via NET/Socket/0
nid05359:7520:7532 [0] NCCL INFO NET/Socket: Using 1 threads and 1 sockets per thread
nid05355:8787:8800 [0] NCCL INFO Could not find real path of /sys/class/net/ipogif0/device
nid05355:8787:8800 [0] NCCL INFO include/net.h:19 -> 2
nid05358:31256:31268 [0] NCCL INFO Trees [0] 6->7->-1/-1/-1
nid05361:11583:11595 [0] NCCL INFO NET/Socket: Using 1 threads and 1 sockets per thread
nid05362:3065:3077 [0] NCCL INFO Trees [0] 10->11->-1/-1/-1
nid05363:14305:14317 [0] NCCL INFO Could not find real path of /sys/class/net/ipogif0/device
nid05366:4235:4247 [0] NCCL INFO comm 0x2aab4c002260 rank 15 nranks 16 cudaDev 0 nvmlDev 0 - Init COMPLETE
nid05364:19665:19678 [0] NCCL INFO Could not find real path of /sys/class/net/ipogif0/device
nid05364:19665:19678 [0] NCCL INFO include/net.h:19 -> 2
nid05354:31054:31066 [0] NCCL INFO Trees [0] 2->3->-1/-1/-1
nid05359:7520:7532 [0] NCCL INFO Could not find real path of /sys/class/net/ipogif0/device
nid05362:3065:3077 [0] NCCL INFO comm 0x2aab4c002260 rank 11 nranks 16 cudaDev 0 nvmlDev 0 - Init COMPLETE
nid05363:14305:14317 [0] NCCL INFO include/net.h:19 -> 2
nid05354:31054:31066 [0] NCCL INFO comm 0x2aab4c002260 rank 3 nranks 16 cudaDev 0 nvmlDev 0 - Init COMPLETE
nid05359:7520:7532 [0] NCCL INFO include/net.h:19 -> 2
nid05358:31256:31268 [0] NCCL INFO comm 0x2aab4c002260 rank 7 nranks 16 cudaDev 0 nvmlDev 0 - Init COMPLETE
nid05365:30000:30012 [0] NCCL INFO Ring 00 : 14 -> 12 [send] via NET/Socket/0
nid05359:7520:7532 [0] NCCL INFO Ring 00 : 12 -> 8 [receive] via NET/Socket/0
nid05355:8787:8800 [0] NCCL INFO Ring 00 : 6 -> 4 [receive] via NET/Socket/0
nid05353:20387:20399 [0] NCCL INFO Ring 00 : 2 -> 4 [send] via NET/Socket/0
nid05357:2769:2781 [0] NCCL INFO Ring 00 : 6 -> 4 [send] via NET/Socket/0
nid05363:14305:14317 [0] NCCL INFO Ring 00 : 10 -> 12 [receive] via NET/Socket/0
nid05364:19665:19678 [0] NCCL INFO Ring 00 : 14 -> 13 [receive] via NET/Socket/0
nid05359:7520:7532 [0] NCCL INFO NET/Socket: Using 1 threads and 1 sockets per thread
nid05355:8787:8800 [0] NCCL INFO NET/Socket: Using 1 threads and 1 sockets per thread
nid05361:11583:11595 [0] NCCL INFO Ring 00 : 10 -> 12 [send] via NET/Socket/0
nid05357:2769:2781 [0] NCCL INFO Could not find real path of /sys/class/net/ipogif0/device
nid05357:2769:2781 [0] NCCL INFO include/net.h:19 -> 2
nid05363:14305:14317 [0] NCCL INFO NET/Socket: Using 1 threads and 1 sockets per thread
nid05364:19665:19678 [0] NCCL INFO NET/Socket: Using 1 threads and 1 sockets per thread
nid05353:20387:20399 [0] NCCL INFO Could not find real path of /sys/class/net/ipogif0/device
nid05353:20387:20399 [0] NCCL INFO include/net.h:19 -> 2
nid05363:14305:14317 [0] NCCL INFO Could not find real path of /sys/class/net/ipogif0/device
nid05361:11583:11595 [0] NCCL INFO Could not find real path of /sys/class/net/ipogif0/device
nid05363:14305:14317 [0] NCCL INFO include/net.h:19 -> 2
nid05361:11583:11595 [0] NCCL INFO include/net.h:19 -> 2
nid05357:2769:2781 [0] NCCL INFO Ring 00 : 4 -> 6 [receive] via NET/Socket/0
nid05353:20387:20399 [0] NCCL INFO Ring 00 : 4 -> 2 [receive] via NET/Socket/0
nid05357:2769:2781 [0] NCCL INFO NET/Socket: Using 1 threads and 1 sockets per thread
nid05363:14305:14317 [0] NCCL INFO Ring 00 : 14 -> 12 [receive] via NET/Socket/0
nid05359:7520:7532 [0] NCCL INFO Ring 00 : 8 -> 0 [send] via NET/Socket/0
nid05355:8787:8800 [0] NCCL INFO Ring 00 : 4 -> 8 [send] via NET/Socket/0
nid05363:14305:14317 [0] NCCL INFO NET/Socket: Using 1 threads and 1 sockets per thread
nid05353:20387:20399 [0] NCCL INFO NET/Socket: Using 1 threads and 1 sockets per thread
nid05361:11583:11595 [0] NCCL INFO Ring 00 : 12 -> 10 [receive] via NET/Socket/0
nid05355:8787:8800 [0] NCCL INFO Could not find real path of /sys/class/net/ipogif0/device
nid05355:8787:8800 [0] NCCL INFO include/net.h:19 -> 2
nid05365:30000:30012 [0] NCCL INFO Could not find real path of /sys/class/net/ipogif0/device
nid05365:30000:30012 [0] NCCL INFO include/net.h:19 -> 2
nid05361:11583:11595 [0] NCCL INFO NET/Socket: Using 1 threads and 1 sockets per thread
nid05365:30000:30012 [0] NCCL INFO Ring 00 : 12 -> 14 [receive] via NET/Socket/0
nid05357:2769:2781 [0] NCCL INFO Ring 00 : 6 -> 5 [send] via NET/Socket/0
nid05365:30000:30012 [0] NCCL INFO NET/Socket: Using 1 threads and 1 sockets per thread
nid05355:8787:8800 [0] NCCL INFO Ring 00 : 8 -> 4 [receive] via NET/Socket/0
nid05356:14689:14701 [0] NCCL INFO Trees [0] 6->5->-1/-1/-1
nid05353:20387:20399 [0] NCCL INFO Ring 00 : 2 -> 1 [send] via NET/Socket/0
nid05363:14305:14317 [0] NCCL INFO Ring 00 : 12 -> 8 [send] via NET/Socket/0
nid05355:8787:8800 [0] NCCL INFO NET/Socket: Using 1 threads and 1 sockets per thread
nid05352:25641:25653 [0] NCCL INFO Trees [0] 2->1->-1/-1/-1
nid05359:7520:7532 [0] NCCL INFO Could not find real path of /sys/class/net/ipogif0/device
nid05359:7520:7532 [0] NCCL INFO include/net.h:19 -> 2
nid05361:11583:11595 [0] NCCL INFO Ring 00 : 10 -> 9 [send] via NET/Socket/0
nid05363:14305:14317 [0] NCCL INFO Could not find real path of /sys/class/net/ipogif0/device
nid05360:15125:15137 [0] NCCL INFO Trees [0] 10->9->-1/-1/-1
nid05356:14689:14701 [0] NCCL INFO comm 0x2aab4c002260 rank 5 nranks 16 cudaDev 0 nvmlDev 0 - Init COMPLETE
nid05363:14305:14317 [0] NCCL INFO include/net.h:19 -> 2
nid05351:23116:23138 [0] NCCL INFO Ring 00 : 0 -> 8 [send] via NET/Socket/0
nid05352:25641:25653 [0] NCCL INFO comm 0x2aab4c002260 rank 1 nranks 16 cudaDev 0 nvmlDev 0 - Init COMPLETE
nid05360:15125:15137 [0] NCCL INFO comm 0x2aab4c002260 rank 9 nranks 16 cudaDev 0 nvmlDev 0 - Init COMPLETE
nid05365:30000:30012 [0] NCCL INFO Ring 00 : 14 -> 13 [send] via NET/Socket/0
nid05363:14305:14317 [0] NCCL INFO Ring 00 : 8 -> 12 [receive] via NET/Socket/0
nid05364:19665:19678 [0] NCCL INFO Trees [0] 14->13->-1/-1/-1
nid05355:8787:8800 [0] NCCL INFO Ring 00 : 4 -> 2 [send] via NET/Socket/0
nid05359:7520:7532 [0] NCCL INFO Ring 00 : 0 -> 8 [receive] via NET/Socket/0
nid05363:14305:14317 [0] NCCL INFO NET/Socket: Using 1 threads and 1 sockets per thread
nid05364:19665:19678 [0] NCCL INFO comm 0x2aab4c002260 rank 13 nranks 16 cudaDev 0 nvmlDev 0 - Init COMPLETE
nid05351:23116:23138 [0] NCCL INFO Trees [0] -1->0->8/-1/-1
nid05351:23116:23138 [0] NCCL INFO Using 256 threads, Min Comp Cap 6, Trees enabled up to size 299999
nid05359:7520:7532 [0] NCCL INFO NET/Socket: Using 1 threads and 1 sockets per thread
nid05351:23116:23138 [0] NCCL INFO comm 0x2aab74002260 rank 0 nranks 16 cudaDev 0 nvmlDev 0 - Init COMPLETE
nid05351:23116:23116 [0] NCCL INFO Launch mode Parallel
nid05355:8787:8800 [0] NCCL INFO Ring 00 : 4 -> 6 [send] via NET/Socket/0
nid05363:14305:14317 [0] NCCL INFO Ring 00 : 12 -> 10 [send] via NET/Socket/0
nid05359:7520:7532 [0] NCCL INFO Ring 00 : 8 -> 4 [send] via NET/Socket/0
nid05353:20387:20399 [0] NCCL INFO Trees [0] 4->2->1/3/-1
nid05357:2769:2781 [0] NCCL INFO Trees [0] 4->6->5/7/-1
nid05353:20387:20399 [0] NCCL INFO comm 0x2aab4c002260 rank 2 nranks 16 cudaDev 0 nvmlDev 0 - Init COMPLETE
nid05357:2769:2781 [0] NCCL INFO comm 0x2aab4c002260 rank 6 nranks 16 cudaDev 0 nvmlDev 0 - Init COMPLETE
nid05363:14305:14317 [0] NCCL INFO Ring 00 : 12 -> 14 [send] via NET/Socket/0
nid05361:11583:11595 [0] NCCL INFO Trees [0] 12->10->9/11/-1
nid05359:7520:7532 [0] NCCL INFO Ring 00 : 8 -> 12 [send] via NET/Socket/0
nid05365:30000:30012 [0] NCCL INFO Trees [0] 12->14->13/15/-1
nid05355:8787:8800 [0] NCCL INFO Trees [0] 8->4->2/6/-1
nid05359:7520:7532 [0] NCCL INFO Trees [0] 0->8->4/12/-1
nid05361:11583:11595 [0] NCCL INFO comm 0x2aab4c002260 rank 10 nranks 16 cudaDev 0 nvmlDev 0 - Init COMPLETE
nid05363:14305:14317 [0] NCCL INFO Trees [0] 8->12->10/14/-1
nid05365:30000:30012 [0] NCCL INFO comm 0x2aab4c002260 rank 14 nranks 16 cudaDev 0 nvmlDev 0 - Init COMPLETE
nid05359:7520:7532 [0] NCCL INFO comm 0x2aab4c002260 rank 8 nranks 16 cudaDev 0 nvmlDev 0 - Init COMPLETE
nid05355:8787:8800 [0] NCCL INFO comm 0x2aab4c002260 rank 4 nranks 16 cudaDev 0 nvmlDev 0 - Init COMPLETE
nid05363:14305:14317 [0] NCCL INFO comm 0x2aab4c002260 rank 12 nranks 16 cudaDev 0 nvmlDev 0 - Init COMPLETE
Duration/ms: 3.5526463866233824
