nid05922:13059:13059 [0] NCCL INFO Bootstrap : Using [0]ipogif0:148.187.55.81<0>
nid05925:13363:13363 [0] NCCL INFO Bootstrap : Using [0]ipogif0:148.187.55.84<0>
nid05923:1814:1814 [0] NCCL INFO Bootstrap : Using [0]ipogif0:148.187.55.82<0>
nid05924:29782:29782 [0] NCCL INFO Bootstrap : Using [0]ipogif0:148.187.55.83<0>
nid05923:1814:1814 [0] NCCL INFO NET/Plugin : No plugin found (libnccl-net.so).
nid05922:13059:13059 [0] NCCL INFO NET/Plugin : No plugin found (libnccl-net.so).
libibverbs: Could not locate libibgni (/usr/lib64/libibgni.so.1: undefined symbol: verbs_uninit_context)
libibverbs: Warning: couldn't open config directory '/opt/cray/rdma-core/22.3-7.0.2.1_2.21__g42f5f32b.ari/etc/libibverbs.d'.
nid05922:13059:13059 [0] NCCL INFO NET/IB : No device found.
nid05922:13059:13059 [0] NCCL INFO NET/Socket : Using [0]ipogif0:148.187.55.81<0>
NCCL version 2.4.8+cuda10.1
nid05922:13059:13081 [0] NCCL INFO Setting affinity for GPU 0 to ffffff
libibverbs: Could not locate libibgni (/usr/lib64/libibgni.so.1: undefined symbol: verbs_uninit_context)
libibverbs: Warning: couldn't open config directory '/opt/cray/rdma-core/22.3-7.0.2.1_2.21__g42f5f32b.ari/etc/libibverbs.d'.
nid05923:1814:1814 [0] NCCL INFO NET/IB : No device found.
nid05923:1814:1814 [0] NCCL INFO NET/Socket : Using [0]ipogif0:148.187.55.82<0>
nid05925:13363:13363 [0] NCCL INFO NET/Plugin : No plugin found (libnccl-net.so).
libibverbs: Could not locate libibgni (/usr/lib64/libibgni.so.1: undefined symbol: verbs_uninit_context)
nid05923:1814:1825 [0] NCCL INFO Setting affinity for GPU 0 to ffffff
libibverbs: Warning: couldn't open config directory '/opt/cray/rdma-core/22.3-7.0.2.1_2.21__g42f5f32b.ari/etc/libibverbs.d'.
nid05925:13363:13363 [0] NCCL INFO NET/IB : No device found.
nid05925:13363:13363 [0] NCCL INFO NET/Socket : Using [0]ipogif0:148.187.55.84<0>
nid05925:13363:13375 [0] NCCL INFO Setting affinity for GPU 0 to ffffff
nid05924:29782:29782 [0] NCCL INFO NET/Plugin : No plugin found (libnccl-net.so).
libibverbs: Could not locate libibgni (/usr/lib64/libibgni.so.1: undefined symbol: verbs_uninit_context)
libibverbs: Warning: couldn't open config directory '/opt/cray/rdma-core/22.3-7.0.2.1_2.21__g42f5f32b.ari/etc/libibverbs.d'.
nid05924:29782:29782 [0] NCCL INFO NET/IB : No device found.
nid05924:29782:29782 [0] NCCL INFO NET/Socket : Using [0]ipogif0:148.187.55.83<0>
nid05924:29782:29793 [0] NCCL INFO Setting affinity for GPU 0 to ffffff
nid05925:13363:13375 [0] NCCL INFO Could not find real path of /sys/class/net/ipogif0/device
nid05925:13363:13375 [0] NCCL INFO include/net.h:19 -> 2
nid05925:13363:13375 [0] NCCL INFO CUDA Dev 0[0], Socket NIC distance :  SYS
nid05922:13059:13081 [0] NCCL INFO Could not find real path of /sys/class/net/ipogif0/device
nid05922:13059:13081 [0] NCCL INFO include/net.h:19 -> 2
nid05922:13059:13081 [0] NCCL INFO CUDA Dev 0[0], Socket NIC distance :  SYS
nid05923:1814:1825 [0] NCCL INFO Could not find real path of /sys/class/net/ipogif0/device
nid05923:1814:1825 [0] NCCL INFO include/net.h:19 -> 2
nid05924:29782:29793 [0] NCCL INFO Could not find real path of /sys/class/net/ipogif0/device
nid05924:29782:29793 [0] NCCL INFO include/net.h:19 -> 2
nid05924:29782:29793 [0] NCCL INFO CUDA Dev 0[0], Socket NIC distance :  SYS
nid05923:1814:1825 [0] NCCL INFO CUDA Dev 0[0], Socket NIC distance :  SYS
nid05922:13059:13081 [0] NCCL INFO Channel 00 :    0   1   2   3
nid05923:1814:1825 [0] NCCL INFO Could not find real path of /sys/class/net/ipogif0/device
nid05923:1814:1825 [0] NCCL INFO include/net.h:19 -> 2
nid05922:13059:13081 [0] NCCL INFO Could not find real path of /sys/class/net/ipogif0/device
nid05922:13059:13081 [0] NCCL INFO include/net.h:19 -> 2
nid05924:29782:29793 [0] NCCL INFO Could not find real path of /sys/class/net/ipogif0/device
nid05924:29782:29793 [0] NCCL INFO include/net.h:19 -> 2
nid05925:13363:13375 [0] NCCL INFO Could not find real path of /sys/class/net/ipogif0/device
nid05925:13363:13375 [0] NCCL INFO include/net.h:19 -> 2
nid05923:1814:1825 [0] NCCL INFO Ring 00 : 0 -> 1 [receive] via NET/Socket/0
nid05922:13059:13081 [0] NCCL INFO Ring 00 : 3 -> 0 [receive] via NET/Socket/0
nid05924:29782:29793 [0] NCCL INFO Ring 00 : 1 -> 2 [receive] via NET/Socket/0
nid05923:1814:1825 [0] NCCL INFO NET/Socket: Using 1 threads and 1 sockets per thread
nid05925:13363:13375 [0] NCCL INFO Ring 00 : 2 -> 3 [receive] via NET/Socket/0
nid05922:13059:13081 [0] NCCL INFO NET/Socket: Using 1 threads and 1 sockets per thread
nid05924:29782:29793 [0] NCCL INFO NET/Socket: Using 1 threads and 1 sockets per thread
nid05925:13363:13375 [0] NCCL INFO NET/Socket: Using 1 threads and 1 sockets per thread
nid05923:1814:1825 [0] NCCL INFO Ring 00 : 1 -> 2 [send] via NET/Socket/0
nid05922:13059:13081 [0] NCCL INFO Ring 00 : 0 -> 1 [send] via NET/Socket/0
nid05924:29782:29793 [0] NCCL INFO Ring 00 : 2 -> 3 [send] via NET/Socket/0
nid05923:1814:1825 [0] NCCL INFO comm 0x2aab4c002260 rank 1 nranks 4 cudaDev 0 nvmlDev 0 - Init COMPLETE
nid05925:13363:13375 [0] NCCL INFO Ring 00 : 3 -> 0 [send] via NET/Socket/0
nid05924:29782:29793 [0] NCCL INFO comm 0x2aab4c002260 rank 2 nranks 4 cudaDev 0 nvmlDev 0 - Init COMPLETE
nid05922:13059:13081 [0] NCCL INFO Using 256 threads, Min Comp Cap 6, Trees disabled
nid05925:13363:13375 [0] NCCL INFO comm 0x2aab4c002260 rank 3 nranks 4 cudaDev 0 nvmlDev 0 - Init COMPLETE
nid05922:13059:13081 [0] NCCL INFO comm 0x2aab70002260 rank 0 nranks 4 cudaDev 0 nvmlDev 0 - Init COMPLETE
nid05922:13059:13059 [0] NCCL INFO Launch mode Parallel
Duration/ms: 2.389708478450775
