nid04406:2369:2369 [0] NCCL INFO Bootstrap : Using [0]ipogif0:148.187.49.89<0>
nid05283:6526:6526 [0] NCCL INFO Bootstrap : Using [0]ipogif0:148.187.52.204<0>
nid05908:26784:26784 [0] NCCL INFO Bootstrap : Using [0]ipogif0:148.187.55.67<0>
nid05909:4129:4129 [0] NCCL INFO Bootstrap : Using [0]ipogif0:148.187.55.68<0>
nid07239:19686:19686 [0] NCCL INFO Bootstrap : Using [0]ipogif0:148.187.60.128<0>
nid06956:7467:7467 [0] NCCL INFO Bootstrap : Using [0]ipogif0:148.187.59.99<0>
nid07238:24031:24031 [0] NCCL INFO Bootstrap : Using [0]ipogif0:148.187.60.127<0>
nid06968:15723:15723 [0] NCCL INFO Bootstrap : Using [0]ipogif0:148.187.59.111<0>
nid06811:5385:5385 [0] NCCL INFO Bootstrap : Using [0]ipogif0:148.187.58.208<0>
nid04406:2369:2369 [0] NCCL INFO NET/Plugin : No plugin found (libnccl-net.so).
libibverbs: Could not locate libibgni (/usr/lib64/libibgni.so.1: undefined symbol: verbs_uninit_context)
libibverbs: Warning: couldn't open config directory '/opt/cray/rdma-core/22.3-7.0.2.1_2.21__g42f5f32b.ari/etc/libibverbs.d'.
nid04406:2369:2369 [0] NCCL INFO NET/IB : No device found.
nid06388:10748:10748 [0] NCCL INFO Bootstrap : Using [0]ipogif0:148.187.57.39<0>
nid04406:2369:2369 [0] NCCL INFO NET/Socket : Using [0]ipogif0:148.187.49.89<0>
NCCL version 2.4.8+cuda10.1
nid04406:2369:2391 [0] NCCL INFO Setting affinity for GPU 0 to ffffff
nid06810:13684:13684 [0] NCCL INFO Bootstrap : Using [0]ipogif0:148.187.58.207<0>
nid05908:26784:26784 [0] NCCL INFO NET/Plugin : No plugin found (libnccl-net.so).
nid06811:5385:5385 [0] NCCL INFO NET/Plugin : No plugin found (libnccl-net.so).
libibverbs: Could not locate libibgni (/usr/lib64/libibgni.so.1: undefined symbol: verbs_uninit_context)
libibverbs: Warning: couldn't open config directory '/opt/cray/rdma-core/22.3-7.0.2.1_2.21__g42f5f32b.ari/etc/libibverbs.d'.
nid05908:26784:26784 [0] NCCL INFO NET/IB : No device found.
nid05908:26784:26784 [0] NCCL INFO NET/Socket : Using [0]ipogif0:148.187.55.67<0>
libibverbs: Could not locate libibgni (/usr/lib64/libibgni.so.1: undefined symbol: verbs_uninit_context)
libibverbs: Warning: couldn't open config directory '/opt/cray/rdma-core/22.3-7.0.2.1_2.21__g42f5f32b.ari/etc/libibverbs.d'.
nid06811:5385:5385 [0] NCCL INFO NET/IB : No device found.
nid06811:5385:5385 [0] NCCL INFO NET/Socket : Using [0]ipogif0:148.187.58.208<0>
nid05908:26784:26795 [0] NCCL INFO Setting affinity for GPU 0 to ffffff
nid06811:5385:5397 [0] NCCL INFO Setting affinity for GPU 0 to ffffff
nid05283:6526:6526 [0] NCCL INFO NET/Plugin : No plugin found (libnccl-net.so).
nid07239:19686:19686 [0] NCCL INFO NET/Plugin : No plugin found (libnccl-net.so).
libibverbs: Could not locate libibgni (/usr/lib64/libibgni.so.1: undefined symbol: verbs_uninit_context)
nid05909:4129:4129 [0] NCCL INFO NET/Plugin : No plugin found (libnccl-net.so).
libibverbs: Could not locate libibgni (/usr/lib64/libibgni.so.1: undefined symbol: verbs_uninit_context)
nid06956:7467:7467 [0] NCCL INFO NET/Plugin : No plugin found (libnccl-net.so).
libibverbs: Could not locate libibgni (/usr/lib64/libibgni.so.1: undefined symbol: verbs_uninit_context)
nid07238:24031:24031 [0] NCCL INFO NET/Plugin : No plugin found (libnccl-net.so).
libibverbs: Could not locate libibgni (/usr/lib64/libibgni.so.1: undefined symbol: verbs_uninit_context)
nid06968:15723:15723 [0] NCCL INFO NET/Plugin : No plugin found (libnccl-net.so).
libibverbs: Warning: couldn't open config directory '/opt/cray/rdma-core/22.3-7.0.2.1_2.21__g42f5f32b.ari/etc/libibverbs.d'.
nid05283:6526:6526 [0] NCCL INFO NET/IB : No device found.
libibverbs: Warning: couldn't open config directory '/opt/cray/rdma-core/22.3-7.0.2.1_2.21__g42f5f32b.ari/etc/libibverbs.d'.
nid07239:19686:19686 [0] NCCL INFO NET/IB : No device found.
libibverbs: Warning: couldn't open config directory '/opt/cray/rdma-core/22.3-7.0.2.1_2.21__g42f5f32b.ari/etc/libibverbs.d'.
nid05909:4129:4129 [0] NCCL INFO NET/IB : No device found.
libibverbs: Warning: couldn't open config directory '/opt/cray/rdma-core/22.3-7.0.2.1_2.21__g42f5f32b.ari/etc/libibverbs.d'.
nid06956:7467:7467 [0] NCCL INFO NET/IB : No device found.
libibverbs: Could not locate libibgni (/usr/lib64/libibgni.so.1: undefined symbol: verbs_uninit_context)
nid05283:6526:6526 [0] NCCL INFO NET/Socket : Using [0]ipogif0:148.187.52.204<0>
libibverbs: Could not locate libibgni (/usr/lib64/libibgni.so.1: undefined symbol: verbs_uninit_context)
nid07239:19686:19686 [0] NCCL INFO NET/Socket : Using [0]ipogif0:148.187.60.128<0>
libibverbs: Warning: couldn't open config directory '/opt/cray/rdma-core/22.3-7.0.2.1_2.21__g42f5f32b.ari/etc/libibverbs.d'.
nid05909:4129:4129 [0] NCCL INFO NET/Socket : Using [0]ipogif0:148.187.55.68<0>
libibverbs: Warning: couldn't open config directory '/opt/cray/rdma-core/22.3-7.0.2.1_2.21__g42f5f32b.ari/etc/libibverbs.d'.
nid06956:7467:7467 [0] NCCL INFO NET/Socket : Using [0]ipogif0:148.187.59.99<0>
nid07238:24031:24031 [0] NCCL INFO NET/IB : No device found.
nid06968:15723:15723 [0] NCCL INFO NET/IB : No device found.
nid05283:6526:6537 [0] NCCL INFO Setting affinity for GPU 0 to ffffff
nid07239:19686:19697 [0] NCCL INFO Setting affinity for GPU 0 to ffffff
nid05909:4129:4141 [0] NCCL INFO Setting affinity for GPU 0 to ffffff
nid06956:7467:7479 [0] NCCL INFO Setting affinity for GPU 0 to ffffff
nid07238:24031:24031 [0] NCCL INFO NET/Socket : Using [0]ipogif0:148.187.60.127<0>
nid06968:15723:15723 [0] NCCL INFO NET/Socket : Using [0]ipogif0:148.187.59.111<0>
nid07238:24031:24043 [0] NCCL INFO Setting affinity for GPU 0 to ffffff
nid06968:15723:15734 [0] NCCL INFO Setting affinity for GPU 0 to ffffff
nid06388:10748:10748 [0] NCCL INFO NET/Plugin : No plugin found (libnccl-net.so).
libibverbs: Could not locate libibgni (/usr/lib64/libibgni.so.1: undefined symbol: verbs_uninit_context)
nid06810:13684:13684 [0] NCCL INFO NET/Plugin : No plugin found (libnccl-net.so).
libibverbs: Warning: couldn't open config directory '/opt/cray/rdma-core/22.3-7.0.2.1_2.21__g42f5f32b.ari/etc/libibverbs.d'.
nid06388:10748:10748 [0] NCCL INFO NET/IB : No device found.
libibverbs: Could not locate libibgni (/usr/lib64/libibgni.so.1: undefined symbol: verbs_uninit_context)
nid06388:10748:10748 [0] NCCL INFO NET/Socket : Using [0]ipogif0:148.187.57.39<0>
libibverbs: Warning: couldn't open config directory '/opt/cray/rdma-core/22.3-7.0.2.1_2.21__g42f5f32b.ari/etc/libibverbs.d'.
nid06388:10748:10759 [0] NCCL INFO Setting affinity for GPU 0 to ffffff
nid06810:13684:13684 [0] NCCL INFO NET/IB : No device found.
nid06810:13684:13684 [0] NCCL INFO NET/Socket : Using [0]ipogif0:148.187.58.207<0>
nid06810:13684:13695 [0] NCCL INFO Setting affinity for GPU 0 to ffffff
nid04407:21457:21457 [0] NCCL INFO Bootstrap : Using [0]ipogif0:148.187.49.90<0>
nid06967:2438:2438 [0] NCCL INFO Bootstrap : Using [0]ipogif0:148.187.59.110<0>
nid06387:8762:8762 [0] NCCL INFO Bootstrap : Using [0]ipogif0:148.187.57.38<0>
nid06387:8762:8762 [0] NCCL INFO NET/Plugin : No plugin found (libnccl-net.so).
nid06957:26342:26342 [0] NCCL INFO Bootstrap : Using [0]ipogif0:148.187.59.100<0>
nid05282:11577:11577 [0] NCCL INFO Bootstrap : Using [0]ipogif0:148.187.52.203<0>
libibverbs: Could not locate libibgni (/usr/lib64/libibgni.so.1: undefined symbol: verbs_uninit_context)
libibverbs: Warning: couldn't open config directory '/opt/cray/rdma-core/22.3-7.0.2.1_2.21__g42f5f32b.ari/etc/libibverbs.d'.
nid06387:8762:8762 [0] NCCL INFO NET/IB : No device found.
nid06387:8762:8762 [0] NCCL INFO NET/Socket : Using [0]ipogif0:148.187.57.38<0>
nid04407:21457:21457 [0] NCCL INFO NET/Plugin : No plugin found (libnccl-net.so).
libibverbs: Could not locate libibgni (/usr/lib64/libibgni.so.1: undefined symbol: verbs_uninit_context)
libibverbs: Warning: couldn't open config directory '/opt/cray/rdma-core/22.3-7.0.2.1_2.21__g42f5f32b.ari/etc/libibverbs.d'.
nid04407:21457:21457 [0] NCCL INFO NET/IB : No device found.
nid04407:21457:21457 [0] NCCL INFO NET/Socket : Using [0]ipogif0:148.187.49.90<0>
nid04407:21457:21469 [0] NCCL INFO Setting affinity for GPU 0 to ffffff
nid06387:8762:8773 [0] NCCL INFO Setting affinity for GPU 0 to ffffff
nid06967:2438:2438 [0] NCCL INFO NET/Plugin : No plugin found (libnccl-net.so).
libibverbs: Could not locate libibgni (/usr/lib64/libibgni.so.1: undefined symbol: verbs_uninit_context)
libibverbs: Warning: couldn't open config directory '/opt/cray/rdma-core/22.3-7.0.2.1_2.21__g42f5f32b.ari/etc/libibverbs.d'.
nid06967:2438:2438 [0] NCCL INFO NET/IB : No device found.
nid06967:2438:2438 [0] NCCL INFO NET/Socket : Using [0]ipogif0:148.187.59.110<0>
nid06967:2438:2449 [0] NCCL INFO Setting affinity for GPU 0 to ffffff
nid04406:2369:2391 [0] NCCL INFO Could not find real path of /sys/class/net/ipogif0/device
nid04406:2369:2391 [0] NCCL INFO include/net.h:19 -> 2
nid07239:19686:19697 [0] NCCL INFO Could not find real path of /sys/class/net/ipogif0/device
nid07239:19686:19697 [0] NCCL INFO include/net.h:19 -> 2
nid04406:2369:2391 [0] NCCL INFO CUDA Dev 0[0], Socket NIC distance :  SYS
nid07239:19686:19697 [0] NCCL INFO CUDA Dev 0[0], Socket NIC distance :  SYS
nid06387:8762:8773 [0] NCCL INFO Could not find real path of /sys/class/net/ipogif0/device
nid06387:8762:8773 [0] NCCL INFO include/net.h:19 -> 2
nid06387:8762:8773 [0] NCCL INFO CUDA Dev 0[0], Socket NIC distance :  SYS
nid05908:26784:26795 [0] NCCL INFO Could not find real path of /sys/class/net/ipogif0/device
nid05908:26784:26795 [0] NCCL INFO include/net.h:19 -> 2
nid05908:26784:26795 [0] NCCL INFO CUDA Dev 0[0], Socket NIC distance :  SYS
nid05283:6526:6537 [0] NCCL INFO Could not find real path of /sys/class/net/ipogif0/device
nid05283:6526:6537 [0] NCCL INFO include/net.h:19 -> 2
nid06388:10748:10759 [0] NCCL INFO Could not find real path of /sys/class/net/ipogif0/device
nid06388:10748:10759 [0] NCCL INFO include/net.h:19 -> 2
nid05909:4129:4141 [0] NCCL INFO Could not find real path of /sys/class/net/ipogif0/device
nid05909:4129:4141 [0] NCCL INFO include/net.h:19 -> 2
nid04407:21457:21469 [0] NCCL INFO Could not find real path of /sys/class/net/ipogif0/device
nid04407:21457:21469 [0] NCCL INFO include/net.h:19 -> 2
nid04407:21457:21469 [0] NCCL INFO CUDA Dev 0[0], Socket NIC distance :  SYS
nid06811:5385:5397 [0] NCCL INFO Could not find real path of /sys/class/net/ipogif0/device
nid06811:5385:5397 [0] NCCL INFO include/net.h:19 -> 2
nid05283:6526:6537 [0] NCCL INFO CUDA Dev 0[0], Socket NIC distance :  SYS
nid06388:10748:10759 [0] NCCL INFO CUDA Dev 0[0], Socket NIC distance :  SYS
nid05909:4129:4141 [0] NCCL INFO CUDA Dev 0[0], Socket NIC distance :  SYS
nid06810:13684:13695 [0] NCCL INFO Could not find real path of /sys/class/net/ipogif0/device
nid06810:13684:13695 [0] NCCL INFO include/net.h:19 -> 2
nid06956:7467:7479 [0] NCCL INFO Could not find real path of /sys/class/net/ipogif0/device
nid06956:7467:7479 [0] NCCL INFO include/net.h:19 -> 2
nid06956:7467:7479 [0] NCCL INFO CUDA Dev 0[0], Socket NIC distance :  SYS
nid07238:24031:24043 [0] NCCL INFO Could not find real path of /sys/class/net/ipogif0/device
nid07238:24031:24043 [0] NCCL INFO include/net.h:19 -> 2
nid07238:24031:24043 [0] NCCL INFO CUDA Dev 0[0], Socket NIC distance :  SYS
nid06968:15723:15734 [0] NCCL INFO Could not find real path of /sys/class/net/ipogif0/device
nid06968:15723:15734 [0] NCCL INFO include/net.h:19 -> 2
nid06968:15723:15734 [0] NCCL INFO CUDA Dev 0[0], Socket NIC distance :  SYS
nid06967:2438:2449 [0] NCCL INFO Could not find real path of /sys/class/net/ipogif0/device
nid06967:2438:2449 [0] NCCL INFO include/net.h:19 -> 2
nid06811:5385:5397 [0] NCCL INFO CUDA Dev 0[0], Socket NIC distance :  SYS
nid06810:13684:13695 [0] NCCL INFO CUDA Dev 0[0], Socket NIC distance :  SYS
nid06967:2438:2449 [0] NCCL INFO CUDA Dev 0[0], Socket NIC distance :  SYS
nid04406:2369:2391 [0] NCCL INFO Channel 00 :    0   1   2   3   4   5   6   7   8   9  10  11  12  13  14  15
nid06811:5385:5397 [0] NCCL INFO Could not find real path of /sys/class/net/ipogif0/device
nid06811:5385:5397 [0] NCCL INFO include/net.h:19 -> 2
libibverbs: Could not locate libibgni (/usr/lib64/libibgni.so.1: undefined symbol: verbs_uninit_context)
nid06388:10748:10759 [0] NCCL INFO Could not find real path of /sys/class/net/ipogif0/device
nid06388:10748:10759 [0] NCCL INFO include/net.h:19 -> 2
libibverbs: Could not locate libibgni (/usr/lib64/libibgni.so.1: undefined symbol: verbs_uninit_context)
nid04406:2369:2391 [0] NCCL INFO Could not find real path of /sys/class/net/ipogif0/device
nid04406:2369:2391 [0] NCCL INFO include/net.h:19 -> 2
libibverbs: Warning: couldn't open config directory '/opt/cray/rdma-core/22.3-7.0.2.1_2.21__g42f5f32b.ari/etc/libibverbs.d'.
nid07239:19686:19697 [0] NCCL INFO Could not find real path of /sys/class/net/ipogif0/device
nid07239:19686:19697 [0] NCCL INFO include/net.h:19 -> 2
libibverbs: Warning: couldn't open config directory '/opt/cray/rdma-core/22.3-7.0.2.1_2.21__g42f5f32b.ari/etc/libibverbs.d'.
nid06810:13684:13695 [0] NCCL INFO Could not find real path of /sys/class/net/ipogif0/device
nid06810:13684:13695 [0] NCCL INFO include/net.h:19 -> 2
nid06956:7467:7479 [0] NCCL INFO Could not find real path of /sys/class/net/ipogif0/device
nid06956:7467:7479 [0] NCCL INFO include/net.h:19 -> 2
nid07238:24031:24043 [0] NCCL INFO Could not find real path of /sys/class/net/ipogif0/device
nid07238:24031:24043 [0] NCCL INFO include/net.h:19 -> 2
nid04407:21457:21469 [0] NCCL INFO Could not find real path of /sys/class/net/ipogif0/device
nid04407:21457:21469 [0] NCCL INFO include/net.h:19 -> 2
nid06968:15723:15734 [0] NCCL INFO Could not find real path of /sys/class/net/ipogif0/device
nid06968:15723:15734 [0] NCCL INFO include/net.h:19 -> 2
nid06967:2438:2449 [0] NCCL INFO Could not find real path of /sys/class/net/ipogif0/device
nid06967:2438:2449 [0] NCCL INFO include/net.h:19 -> 2
nid06387:8762:8773 [0] NCCL INFO Could not find real path of /sys/class/net/ipogif0/device
nid06387:8762:8773 [0] NCCL INFO include/net.h:19 -> 2
nid05908:26784:26795 [0] NCCL INFO Could not find real path of /sys/class/net/ipogif0/device
nid05908:26784:26795 [0] NCCL INFO include/net.h:19 -> 2
nid05283:6526:6537 [0] NCCL INFO Could not find real path of /sys/class/net/ipogif0/device
nid05283:6526:6537 [0] NCCL INFO include/net.h:19 -> 2
nid05909:4129:4141 [0] NCCL INFO Could not find real path of /sys/class/net/ipogif0/device
nid05909:4129:4141 [0] NCCL INFO include/net.h:19 -> 2
nid06387:8762:8773 [0] NCCL INFO Ring 00 : 5 -> 6 [receive] via NET/Socket/0
nid06811:5385:5397 [0] NCCL INFO Ring 00 : 8 -> 9 [receive] via NET/Socket/0
nid05908:26784:26795 [0] NCCL INFO Ring 00 : 3 -> 4 [receive] via NET/Socket/0
nid05283:6526:6537 [0] NCCL INFO Ring 00 : 2 -> 3 [receive] via NET/Socket/0
nid06388:10748:10759 [0] NCCL INFO Ring 00 : 6 -> 7 [receive] via NET/Socket/0
nid04406:2369:2391 [0] NCCL INFO Ring 00 : 15 -> 0 [receive] via NET/Socket/0
nid07239:19686:19697 [0] NCCL INFO Ring 00 : 14 -> 15 [receive] via NET/Socket/0
nid05909:4129:4141 [0] NCCL INFO Ring 00 : 4 -> 5 [receive] via NET/Socket/0
nid06810:13684:13695 [0] NCCL INFO Ring 00 : 7 -> 8 [receive] via NET/Socket/0
nid06956:7467:7479 [0] NCCL INFO Ring 00 : 9 -> 10 [receive] via NET/Socket/0
nid07238:24031:24043 [0] NCCL INFO Ring 00 : 13 -> 14 [receive] via NET/Socket/0
nid04407:21457:21469 [0] NCCL INFO Ring 00 : 0 -> 1 [receive] via NET/Socket/0
nid06968:15723:15734 [0] NCCL INFO Ring 00 : 12 -> 13 [receive] via NET/Socket/0
nid06967:2438:2449 [0] NCCL INFO Ring 00 : 11 -> 12 [receive] via NET/Socket/0
nid06387:8762:8773 [0] NCCL INFO NET/Socket: Using 1 threads and 1 sockets per thread
nid06811:5385:5397 [0] NCCL INFO NET/Socket: Using 1 threads and 1 sockets per thread
nid05908:26784:26795 [0] NCCL INFO NET/Socket: Using 1 threads and 1 sockets per thread
nid05283:6526:6537 [0] NCCL INFO NET/Socket: Using 1 threads and 1 sockets per thread
nid06388:10748:10759 [0] NCCL INFO NET/Socket: Using 1 threads and 1 sockets per thread
nid04406:2369:2391 [0] NCCL INFO NET/Socket: Using 1 threads and 1 sockets per thread
nid07239:19686:19697 [0] NCCL INFO NET/Socket: Using 1 threads and 1 sockets per thread
nid05909:4129:4141 [0] NCCL INFO NET/Socket: Using 1 threads and 1 sockets per thread
nid06810:13684:13695 [0] NCCL INFO NET/Socket: Using 1 threads and 1 sockets per thread
nid06956:7467:7479 [0] NCCL INFO NET/Socket: Using 1 threads and 1 sockets per thread
nid07238:24031:24043 [0] NCCL INFO NET/Socket: Using 1 threads and 1 sockets per thread
nid04407:21457:21469 [0] NCCL INFO NET/Socket: Using 1 threads and 1 sockets per thread
nid06968:15723:15734 [0] NCCL INFO NET/Socket: Using 1 threads and 1 sockets per thread
nid06967:2438:2449 [0] NCCL INFO NET/Socket: Using 1 threads and 1 sockets per thread
nid05282:11577:11577 [0] NCCL INFO NET/Plugin : No plugin found (libnccl-net.so).
nid06957:26342:26342 [0] NCCL INFO NET/Plugin : No plugin found (libnccl-net.so).
nid06387:8762:8773 [0] NCCL INFO Ring 00 : 6 -> 7 [send] via NET/Socket/0
nid06811:5385:5397 [0] NCCL INFO Ring 00 : 9 -> 10 [send] via NET/Socket/0
nid05908:26784:26795 [0] NCCL INFO Ring 00 : 4 -> 5 [send] via NET/Socket/0
nid05283:6526:6537 [0] NCCL INFO Ring 00 : 3 -> 4 [send] via NET/Socket/0
nid06388:10748:10759 [0] NCCL INFO Ring 00 : 7 -> 8 [send] via NET/Socket/0
nid05282:11577:11577 [0] NCCL INFO NET/IB : No device found.
nid04406:2369:2391 [0] NCCL INFO Ring 00 : 0 -> 1 [send] via NET/Socket/0
nid07239:19686:19697 [0] NCCL INFO Ring 00 : 15 -> 0 [send] via NET/Socket/0
nid05909:4129:4141 [0] NCCL INFO Ring 00 : 5 -> 6 [send] via NET/Socket/0
nid06957:26342:26342 [0] NCCL INFO NET/IB : No device found.
nid06810:13684:13695 [0] NCCL INFO Ring 00 : 8 -> 9 [send] via NET/Socket/0
nid06956:7467:7479 [0] NCCL INFO Ring 00 : 10 -> 11 [send] via NET/Socket/0
nid07238:24031:24043 [0] NCCL INFO Ring 00 : 14 -> 15 [send] via NET/Socket/0
nid04407:21457:21469 [0] NCCL INFO Ring 00 : 1 -> 2 [send] via NET/Socket/0
nid06968:15723:15734 [0] NCCL INFO Ring 00 : 13 -> 14 [send] via NET/Socket/0
nid06967:2438:2449 [0] NCCL INFO Ring 00 : 12 -> 13 [send] via NET/Socket/0
nid06387:8762:8773 [0] NCCL INFO Could not find real path of /sys/class/net/ipogif0/device
nid06811:5385:5397 [0] NCCL INFO Could not find real path of /sys/class/net/ipogif0/device
nid06811:5385:5397 [0] NCCL INFO include/net.h:19 -> 2
nid05908:26784:26795 [0] NCCL INFO Could not find real path of /sys/class/net/ipogif0/device
nid05282:11577:11577 [0] NCCL INFO NET/Socket : Using [0]ipogif0:148.187.52.203<0>
nid04406:2369:2391 [0] NCCL INFO Could not find real path of /sys/class/net/ipogif0/device
nid05909:4129:4141 [0] NCCL INFO Could not find real path of /sys/class/net/ipogif0/device
nid05909:4129:4141 [0] NCCL INFO include/net.h:19 -> 2
nid06957:26342:26342 [0] NCCL INFO NET/Socket : Using [0]ipogif0:148.187.59.100<0>
nid06810:13684:13695 [0] NCCL INFO Could not find real path of /sys/class/net/ipogif0/device
nid06810:13684:13695 [0] NCCL INFO include/net.h:19 -> 2
nid06956:7467:7479 [0] NCCL INFO Could not find real path of /sys/class/net/ipogif0/device
nid06956:7467:7479 [0] NCCL INFO include/net.h:19 -> 2
nid07238:24031:24043 [0] NCCL INFO Could not find real path of /sys/class/net/ipogif0/device
nid07238:24031:24043 [0] NCCL INFO include/net.h:19 -> 2
nid04407:21457:21469 [0] NCCL INFO Could not find real path of /sys/class/net/ipogif0/device
nid04407:21457:21469 [0] NCCL INFO include/net.h:19 -> 2
nid06968:15723:15734 [0] NCCL INFO Could not find real path of /sys/class/net/ipogif0/device
nid06967:2438:2449 [0] NCCL INFO Could not find real path of /sys/class/net/ipogif0/device
nid06967:2438:2449 [0] NCCL INFO include/net.h:19 -> 2
nid06387:8762:8773 [0] NCCL INFO include/net.h:19 -> 2
nid05908:26784:26795 [0] NCCL INFO include/net.h:19 -> 2
nid05282:11577:11588 [0] NCCL INFO Setting affinity for GPU 0 to ffffff
nid04406:2369:2391 [0] NCCL INFO include/net.h:19 -> 2
nid06957:26342:26354 [0] NCCL INFO Setting affinity for GPU 0 to ffffff
nid06968:15723:15734 [0] NCCL INFO include/net.h:19 -> 2
nid05282:11577:11588 [0] NCCL INFO Could not find real path of /sys/class/net/ipogif0/device
nid05282:11577:11588 [0] NCCL INFO include/net.h:19 -> 2
nid06957:26342:26354 [0] NCCL INFO Could not find real path of /sys/class/net/ipogif0/device
nid06957:26342:26354 [0] NCCL INFO include/net.h:19 -> 2
nid06957:26342:26354 [0] NCCL INFO CUDA Dev 0[0], Socket NIC distance :  SYS
nid05282:11577:11588 [0] NCCL INFO CUDA Dev 0[0], Socket NIC distance :  SYS
nid06957:26342:26354 [0] NCCL INFO Could not find real path of /sys/class/net/ipogif0/device
nid06957:26342:26354 [0] NCCL INFO include/net.h:19 -> 2
nid05282:11577:11588 [0] NCCL INFO Could not find real path of /sys/class/net/ipogif0/device
nid05282:11577:11588 [0] NCCL INFO include/net.h:19 -> 2
nid06957:26342:26354 [0] NCCL INFO Ring 00 : 10 -> 11 [receive] via NET/Socket/0
nid06967:2438:2449 [0] NCCL INFO Ring 00 : 10 -> 12 [receive] via NET/Socket/0
nid06387:8762:8773 [0] NCCL INFO Ring 00 : 7 -> 6 [receive] via NET/Socket/0
nid06811:5385:5397 [0] NCCL INFO Ring 00 : 10 -> 9 [receive] via NET/Socket/0
nid05283:6526:6537 [0] NCCL INFO Ring 00 : 3 -> 2 [send] via NET/Socket/0
nid06388:10748:10759 [0] NCCL INFO Ring 00 : 7 -> 6 [send] via NET/Socket/0
nid05282:11577:11588 [0] NCCL INFO Ring 00 : 1 -> 2 [receive] via NET/Socket/0
nid04406:2369:2391 [0] NCCL INFO Ring 00 : 8 -> 0 [receive] via NET/Socket/0
nid07239:19686:19697 [0] NCCL INFO Ring 00 : 15 -> 14 [send] via NET/Socket/0
nid05909:4129:4141 [0] NCCL INFO Ring 00 : 6 -> 5 [receive] via NET/Socket/0
nid06957:26342:26354 [0] NCCL INFO NET/Socket: Using 1 threads and 1 sockets per thread
nid06810:13684:13695 [0] NCCL INFO Ring 00 : 4 -> 8 [receive] via NET/Socket/0
nid06956:7467:7479 [0] NCCL INFO Ring 00 : 11 -> 10 [receive] via NET/Socket/0
nid07238:24031:24043 [0] NCCL INFO Ring 00 : 15 -> 14 [receive] via NET/Socket/0
nid04407:21457:21469 [0] NCCL INFO Ring 00 : 2 -> 1 [receive] via NET/Socket/0
nid06968:15723:15734 [0] NCCL INFO Ring 00 : 14 -> 13 [receive] via NET/Socket/0
nid06967:2438:2449 [0] NCCL INFO NET/Socket: Using 1 threads and 1 sockets per thread
nid06387:8762:8773 [0] NCCL INFO NET/Socket: Using 1 threads and 1 sockets per thread
nid06811:5385:5397 [0] NCCL INFO NET/Socket: Using 1 threads and 1 sockets per thread
nid05283:6526:6537 [0] NCCL INFO Trees [0] 2->3->-1/-1/-1
nid06388:10748:10759 [0] NCCL INFO Trees [0] 6->7->-1/-1/-1
nid05282:11577:11588 [0] NCCL INFO NET/Socket: Using 1 threads and 1 sockets per thread
nid04406:2369:2391 [0] NCCL INFO NET/Socket: Using 1 threads and 1 sockets per thread
nid07239:19686:19697 [0] NCCL INFO Trees [0] 14->15->-1/-1/-1
nid05909:4129:4141 [0] NCCL INFO NET/Socket: Using 1 threads and 1 sockets per thread
nid06957:26342:26354 [0] NCCL INFO Ring 00 : 11 -> 12 [send] via NET/Socket/0
nid06810:13684:13695 [0] NCCL INFO NET/Socket: Using 1 threads and 1 sockets per thread
nid06956:7467:7479 [0] NCCL INFO NET/Socket: Using 1 threads and 1 sockets per thread
nid07238:24031:24043 [0] NCCL INFO NET/Socket: Using 1 threads and 1 sockets per thread
nid04407:21457:21469 [0] NCCL INFO NET/Socket: Using 1 threads and 1 sockets per thread
nid06968:15723:15734 [0] NCCL INFO NET/Socket: Using 1 threads and 1 sockets per thread
nid06967:2438:2449 [0] NCCL INFO Could not find real path of /sys/class/net/ipogif0/device
nid05908:26784:26795 [0] NCCL INFO Ring 00 : 2 -> 4 [receive] via NET/Socket/0
nid05283:6526:6537 [0] NCCL INFO comm 0x2aab4c002260 rank 3 nranks 16 cudaDev 0 nvmlDev 0 - Init COMPLETE
nid05282:11577:11588 [0] NCCL INFO Ring 00 : 2 -> 3 [send] via NET/Socket/0
nid07239:19686:19697 [0] NCCL INFO comm 0x2aab4c002260 rank 15 nranks 16 cudaDev 0 nvmlDev 0 - Init COMPLETE
nid06957:26342:26354 [0] NCCL INFO Ring 00 : 11 -> 10 [send] via NET/Socket/0
nid06810:13684:13695 [0] NCCL INFO Could not find real path of /sys/class/net/ipogif0/device
nid06810:13684:13695 [0] NCCL INFO include/net.h:19 -> 2
nid06967:2438:2449 [0] NCCL INFO include/net.h:19 -> 2
nid05908:26784:26795 [0] NCCL INFO NET/Socket: Using 1 threads and 1 sockets per thread
nid06388:10748:10759 [0] NCCL INFO comm 0x2aab4c002260 rank 7 nranks 16 cudaDev 0 nvmlDev 0 - Init COMPLETE
nid05282:11577:11588 [0] NCCL INFO Could not find real path of /sys/class/net/ipogif0/device
nid05282:11577:11588 [0] NCCL INFO include/net.h:19 -> 2
nid06957:26342:26354 [0] NCCL INFO Trees [0] 10->11->-1/-1/-1
nid05908:26784:26795 [0] NCCL INFO Could not find real path of /sys/class/net/ipogif0/device
nid05282:11577:11588 [0] NCCL INFO Ring 00 : 3 -> 2 [receive] via NET/Socket/0
nid06957:26342:26354 [0] NCCL INFO comm 0x2aab4c002260 rank 11 nranks 16 cudaDev 0 nvmlDev 0 - Init COMPLETE
nid05908:26784:26795 [0] NCCL INFO include/net.h:19 -> 2
nid05282:11577:11588 [0] NCCL INFO NET/Socket: Using 1 threads and 1 sockets per thread
nid05282:11577:11588 [0] NCCL INFO Ring 00 : 2 -> 4 [send] via NET/Socket/0
nid06967:2438:2449 [0] NCCL INFO Ring 00 : 14 -> 12 [receive] via NET/Socket/0
nid05282:11577:11588 [0] NCCL INFO Could not find real path of /sys/class/net/ipogif0/device
nid05282:11577:11588 [0] NCCL INFO include/net.h:19 -> 2
nid06810:13684:13695 [0] NCCL INFO Ring 00 : 12 -> 8 [receive] via NET/Socket/0
nid06956:7467:7479 [0] NCCL INFO Ring 00 : 10 -> 12 [send] via NET/Socket/0
nid06967:2438:2449 [0] NCCL INFO NET/Socket: Using 1 threads and 1 sockets per thread
nid06387:8762:8773 [0] NCCL INFO Ring 00 : 6 -> 4 [send] via NET/Socket/0
nid06810:13684:13695 [0] NCCL INFO NET/Socket: Using 1 threads and 1 sockets per thread
nid07238:24031:24043 [0] NCCL INFO Ring 00 : 14 -> 12 [send] via NET/Socket/0
nid06956:7467:7479 [0] NCCL INFO Could not find real path of /sys/class/net/ipogif0/device
nid06956:7467:7479 [0] NCCL INFO include/net.h:19 -> 2
nid07238:24031:24043 [0] NCCL INFO Could not find real path of /sys/class/net/ipogif0/device
nid07238:24031:24043 [0] NCCL INFO include/net.h:19 -> 2
nid05908:26784:26795 [0] NCCL INFO Ring 00 : 6 -> 4 [receive] via NET/Socket/0
nid05908:26784:26795 [0] NCCL INFO NET/Socket: Using 1 threads and 1 sockets per thread
nid06387:8762:8773 [0] NCCL INFO Could not find real path of /sys/class/net/ipogif0/device
nid06387:8762:8773 [0] NCCL INFO include/net.h:19 -> 2
nid05282:11577:11588 [0] NCCL INFO Ring 00 : 4 -> 2 [receive] via NET/Socket/0
nid05282:11577:11588 [0] NCCL INFO NET/Socket: Using 1 threads and 1 sockets per thread
nid06810:13684:13695 [0] NCCL INFO Ring 00 : 8 -> 0 [send] via NET/Socket/0
nid06956:7467:7479 [0] NCCL INFO Ring 00 : 12 -> 10 [receive] via NET/Socket/0
nid06956:7467:7479 [0] NCCL INFO NET/Socket: Using 1 threads and 1 sockets per thread
nid07238:24031:24043 [0] NCCL INFO Ring 00 : 12 -> 14 [receive] via NET/Socket/0
nid07238:24031:24043 [0] NCCL INFO NET/Socket: Using 1 threads and 1 sockets per thread
nid06967:2438:2449 [0] NCCL INFO Ring 00 : 12 -> 8 [send] via NET/Socket/0
nid06967:2438:2449 [0] NCCL INFO Could not find real path of /sys/class/net/ipogif0/device
nid06967:2438:2449 [0] NCCL INFO include/net.h:19 -> 2
nid06387:8762:8773 [0] NCCL INFO Ring 00 : 4 -> 6 [receive] via NET/Socket/0
nid05908:26784:26795 [0] NCCL INFO Ring 00 : 4 -> 8 [send] via NET/Socket/0
nid06387:8762:8773 [0] NCCL INFO NET/Socket: Using 1 threads and 1 sockets per thread
nid05908:26784:26795 [0] NCCL INFO Could not find real path of /sys/class/net/ipogif0/device
nid06810:13684:13695 [0] NCCL INFO Could not find real path of /sys/class/net/ipogif0/device
nid06810:13684:13695 [0] NCCL INFO include/net.h:19 -> 2
nid05908:26784:26795 [0] NCCL INFO include/net.h:19 -> 2
nid05282:11577:11588 [0] NCCL INFO Ring 00 : 2 -> 1 [send] via NET/Socket/0
nid04407:21457:21469 [0] NCCL INFO Trees [0] 2->1->-1/-1/-1
nid04406:2369:2391 [0] NCCL INFO Ring 00 : 0 -> 8 [send] via NET/Socket/0
nid07238:24031:24043 [0] NCCL INFO Ring 00 : 14 -> 13 [send] via NET/Socket/0
nid06956:7467:7479 [0] NCCL INFO Ring 00 : 10 -> 9 [send] via NET/Socket/0
nid06968:15723:15734 [0] NCCL INFO Trees [0] 14->13->-1/-1/-1
nid06967:2438:2449 [0] NCCL INFO Ring 00 : 8 -> 12 [receive] via NET/Socket/0
nid06811:5385:5397 [0] NCCL INFO Trees [0] 10->9->-1/-1/-1
nid06967:2438:2449 [0] NCCL INFO NET/Socket: Using 1 threads and 1 sockets per thread
nid04407:21457:21469 [0] NCCL INFO comm 0x2aab4c002260 rank 1 nranks 16 cudaDev 0 nvmlDev 0 - Init COMPLETE
nid06387:8762:8773 [0] NCCL INFO Ring 00 : 6 -> 5 [send] via NET/Socket/0
nid05908:26784:26795 [0] NCCL INFO Ring 00 : 8 -> 4 [receive] via NET/Socket/0
nid06810:13684:13695 [0] NCCL INFO Ring 00 : 0 -> 8 [receive] via NET/Socket/0
nid06811:5385:5397 [0] NCCL INFO comm 0x2aab4c002260 rank 9 nranks 16 cudaDev 0 nvmlDev 0 - Init COMPLETE
nid05909:4129:4141 [0] NCCL INFO Trees [0] 6->5->-1/-1/-1
nid06810:13684:13695 [0] NCCL INFO NET/Socket: Using 1 threads and 1 sockets per thread
nid06968:15723:15734 [0] NCCL INFO comm 0x2aab4c002260 rank 13 nranks 16 cudaDev 0 nvmlDev 0 - Init COMPLETE
nid05908:26784:26795 [0] NCCL INFO NET/Socket: Using 1 threads and 1 sockets per thread
nid04406:2369:2391 [0] NCCL INFO Trees [0] -1->0->8/-1/-1
nid04406:2369:2391 [0] NCCL INFO Using 256 threads, Min Comp Cap 6, Trees enabled up to size 299999
nid05909:4129:4141 [0] NCCL INFO comm 0x2aab4c002260 rank 5 nranks 16 cudaDev 0 nvmlDev 0 - Init COMPLETE
nid04406:2369:2391 [0] NCCL INFO comm 0x2aab70002260 rank 0 nranks 16 cudaDev 0 nvmlDev 0 - Init COMPLETE
nid04406:2369:2369 [0] NCCL INFO Launch mode Parallel
nid06967:2438:2449 [0] NCCL INFO Ring 00 : 12 -> 10 [send] via NET/Socket/0
nid05908:26784:26795 [0] NCCL INFO Ring 00 : 4 -> 2 [send] via NET/Socket/0
nid06810:13684:13695 [0] NCCL INFO Ring 00 : 8 -> 4 [send] via NET/Socket/0
nid06967:2438:2449 [0] NCCL INFO Ring 00 : 12 -> 14 [send] via NET/Socket/0
nid06956:7467:7479 [0] NCCL INFO Trees [0] 12->10->9/11/-1
nid07238:24031:24043 [0] NCCL INFO Trees [0] 12->14->13/15/-1
nid05908:26784:26795 [0] NCCL INFO Ring 00 : 4 -> 6 [send] via NET/Socket/0
nid06810:13684:13695 [0] NCCL INFO Ring 00 : 8 -> 12 [send] via NET/Socket/0
nid05282:11577:11588 [0] NCCL INFO Trees [0] 4->2->1/3/-1
nid06956:7467:7479 [0] NCCL INFO comm 0x2aab4c002260 rank 10 nranks 16 cudaDev 0 nvmlDev 0 - Init COMPLETE
nid06387:8762:8773 [0] NCCL INFO Trees [0] 4->6->5/7/-1
nid05908:26784:26795 [0] NCCL INFO Trees [0] 8->4->2/6/-1
nid06810:13684:13695 [0] NCCL INFO Trees [0] 0->8->4/12/-1
nid07238:24031:24043 [0] NCCL INFO comm 0x2aab4c002260 rank 14 nranks 16 cudaDev 0 nvmlDev 0 - Init COMPLETE
nid06967:2438:2449 [0] NCCL INFO Trees [0] 8->12->10/14/-1
nid05282:11577:11588 [0] NCCL INFO comm 0x2aab4c002260 rank 2 nranks 16 cudaDev 0 nvmlDev 0 - Init COMPLETE
nid06387:8762:8773 [0] NCCL INFO comm 0x2aab4c002260 rank 6 nranks 16 cudaDev 0 nvmlDev 0 - Init COMPLETE
nid05908:26784:26795 [0] NCCL INFO comm 0x2aab4c002260 rank 4 nranks 16 cudaDev 0 nvmlDev 0 - Init COMPLETE
nid06810:13684:13695 [0] NCCL INFO comm 0x2aab4c002260 rank 8 nranks 16 cudaDev 0 nvmlDev 0 - Init COMPLETE
nid06967:2438:2449 [0] NCCL INFO comm 0x2aab4c002260 rank 12 nranks 16 cudaDev 0 nvmlDev 0 - Init COMPLETE
Duration/ms: 3.4784163284301757
