nid03809:31860:31860 [0] NCCL INFO Bootstrap : Using [0]ipogif0:148.187.46.254<0>
nid03809:31860:31860 [0] NCCL INFO NET/Plugin : No plugin found (libnccl-net.so).
libibverbs: Could not locate libibgni (/usr/lib64/libibgni.so.1: undefined symbol: verbs_uninit_context)
libibverbs: Warning: couldn't open config directory '/opt/cray/rdma-core/22.3-7.0.2.1_2.21__g42f5f32b.ari/etc/libibverbs.d'.
nid03809:31860:31860 [0] NCCL INFO NET/IB : No device found.
nid03809:31860:31860 [0] NCCL INFO NET/Socket : Using [0]ipogif0:148.187.46.254<0>
NCCL version 2.4.8+cuda10.1
nid03809:31860:31882 [0] NCCL INFO Setting affinity for GPU 0 to 03f03f
nid03811:31756:31756 [0] NCCL INFO Bootstrap : Using [0]ipogif0:148.187.47.2<0>
nid03818:22277:22277 [0] NCCL INFO Bootstrap : Using [0]ipogif0:148.187.47.9<0>
nid03816:2375:2375 [0] NCCL INFO Bootstrap : Using [0]ipogif0:148.187.47.7<0>
nid03810:2745:2745 [0] NCCL INFO Bootstrap : Using [0]ipogif0:148.187.47.1<0>
nid03813:24878:24878 [0] NCCL INFO Bootstrap : Using [0]ipogif0:148.187.47.4<0>
nid03824:340:340 [0] NCCL INFO Bootstrap : Using [0]ipogif0:148.187.47.15<0>
nid03822:7628:7628 [0] NCCL INFO Bootstrap : Using [0]ipogif0:148.187.47.13<0>
nid03815:27937:27937 [0] NCCL INFO Bootstrap : Using [0]ipogif0:148.187.47.6<0>
nid03821:6491:6491 [0] NCCL INFO Bootstrap : Using [0]ipogif0:148.187.47.12<0>
nid03812:7039:7039 [0] NCCL INFO Bootstrap : Using [0]ipogif0:148.187.47.3<0>
nid03817:10050:10050 [0] NCCL INFO Bootstrap : Using [0]ipogif0:148.187.47.8<0>
nid03823:10855:10855 [0] NCCL INFO Bootstrap : Using [0]ipogif0:148.187.47.14<0>
nid03814:2378:2378 [0] NCCL INFO Bootstrap : Using [0]ipogif0:148.187.47.5<0>
nid03819:16960:16960 [0] NCCL INFO Bootstrap : Using [0]ipogif0:148.187.47.10<0>
nid03820:31576:31576 [0] NCCL INFO Bootstrap : Using [0]ipogif0:148.187.47.11<0>
nid03813:24878:24878 [0] NCCL INFO NET/Plugin : No plugin found (libnccl-net.so).
nid03815:27937:27937 [0] NCCL INFO NET/Plugin : No plugin found (libnccl-net.so).
nid03822:7628:7628 [0] NCCL INFO NET/Plugin : No plugin found (libnccl-net.so).
nid03817:10050:10050 [0] NCCL INFO NET/Plugin : No plugin found (libnccl-net.so).
nid03814:2378:2378 [0] NCCL INFO NET/Plugin : No plugin found (libnccl-net.so).
libibverbs: Could not locate libibgni (/usr/lib64/libibgni.so.1: undefined symbol: verbs_uninit_context)
libibverbs: Warning: couldn't open config directory '/opt/cray/rdma-core/22.3-7.0.2.1_2.21__g42f5f32b.ari/etc/libibverbs.d'.
nid03817:10050:10050 [0] NCCL INFO NET/IB : No device found.
nid03817:10050:10050 [0] NCCL INFO NET/Socket : Using [0]ipogif0:148.187.47.8<0>
libibverbs: Could not locate libibgni (/usr/lib64/libibgni.so.1: undefined symbol: verbs_uninit_context)
libibverbs: Warning: couldn't open config directory '/opt/cray/rdma-core/22.3-7.0.2.1_2.21__g42f5f32b.ari/etc/libibverbs.d'.
nid03813:24878:24878 [0] NCCL INFO NET/IB : No device found.
libibverbs: Could not locate libibgni (/usr/lib64/libibgni.so.1: undefined symbol: verbs_uninit_context)
nid03813:24878:24878 [0] NCCL INFO NET/Socket : Using [0]ipogif0:148.187.47.4<0>
libibverbs: Could not locate libibgni (/usr/lib64/libibgni.so.1: undefined symbol: verbs_uninit_context)
nid03815:27937:27937 [0] NCCL INFO NET/IB : No device found.
libibverbs: Warning: couldn't open config directory '/opt/cray/rdma-core/22.3-7.0.2.1_2.21__g42f5f32b.ari/etc/libibverbs.d'.
nid03822:7628:7628 [0] NCCL INFO NET/IB : No device found.
libibverbs: Warning: couldn't open config directory '/opt/cray/rdma-core/22.3-7.0.2.1_2.21__g42f5f32b.ari/etc/libibverbs.d'.
nid03815:27937:27937 [0] NCCL INFO NET/Socket : Using [0]ipogif0:148.187.47.6<0>
nid03822:7628:7628 [0] NCCL INFO NET/Socket : Using [0]ipogif0:148.187.47.13<0>
libibverbs: Could not locate libibgni (/usr/lib64/libibgni.so.1: undefined symbol: verbs_uninit_context)
libibverbs: Warning: couldn't open config directory '/opt/cray/rdma-core/22.3-7.0.2.1_2.21__g42f5f32b.ari/etc/libibverbs.d'.
nid03814:2378:2378 [0] NCCL INFO NET/IB : No device found.
nid03814:2378:2378 [0] NCCL INFO NET/Socket : Using [0]ipogif0:148.187.47.5<0>
nid03817:10050:10061 [0] NCCL INFO Setting affinity for GPU 0 to 03f03f
nid03813:24878:24890 [0] NCCL INFO Setting affinity for GPU 0 to 03f03f
nid03822:7628:7640 [0] NCCL INFO Setting affinity for GPU 0 to 03f03f
nid03815:27937:27949 [0] NCCL INFO Setting affinity for GPU 0 to 03f03f
nid03811:31756:31756 [0] NCCL INFO NET/Plugin : No plugin found (libnccl-net.so).
libibverbs: Could not locate libibgni (/usr/lib64/libibgni.so.1: undefined symbol: verbs_uninit_context)
libibverbs: Warning: couldn't open config directory '/opt/cray/rdma-core/22.3-7.0.2.1_2.21__g42f5f32b.ari/etc/libibverbs.d'.
nid03811:31756:31756 [0] NCCL INFO NET/IB : No device found.
nid03811:31756:31756 [0] NCCL INFO NET/Socket : Using [0]ipogif0:148.187.47.2<0>
nid03811:31756:31767 [0] NCCL INFO Setting affinity for GPU 0 to 03f03f
nid03814:2378:2390 [0] NCCL INFO Setting affinity for GPU 0 to 03f03f
nid03823:10855:10855 [0] NCCL INFO NET/Plugin : No plugin found (libnccl-net.so).
nid03819:16960:16960 [0] NCCL INFO NET/Plugin : No plugin found (libnccl-net.so).
libibverbs: Could not locate libibgni (/usr/lib64/libibgni.so.1: undefined symbol: verbs_uninit_context)
nid03816:2375:2375 [0] NCCL INFO NET/Plugin : No plugin found (libnccl-net.so).
libibverbs: Could not locate libibgni (/usr/lib64/libibgni.so.1: undefined symbol: verbs_uninit_context)
nid03824:340:340 [0] NCCL INFO NET/Plugin : No plugin found (libnccl-net.so).
libibverbs: Could not locate libibgni (/usr/lib64/libibgni.so.1: undefined symbol: verbs_uninit_context)
nid03821:6491:6491 [0] NCCL INFO NET/Plugin : No plugin found (libnccl-net.so).
libibverbs: Could not locate libibgni (/usr/lib64/libibgni.so.1: undefined symbol: verbs_uninit_context)
nid03812:7039:7039 [0] NCCL INFO NET/Plugin : No plugin found (libnccl-net.so).
libibverbs: Warning: couldn't open config directory '/opt/cray/rdma-core/22.3-7.0.2.1_2.21__g42f5f32b.ari/etc/libibverbs.d'.
nid03810:2745:2745 [0] NCCL INFO NET/Plugin : No plugin found (libnccl-net.so).
libibverbs: Could not locate libibgni (/usr/lib64/libibgni.so.1: undefined symbol: verbs_uninit_context)
nid03820:31576:31576 [0] NCCL INFO NET/Plugin : No plugin found (libnccl-net.so).
libibverbs: Warning: couldn't open config directory '/opt/cray/rdma-core/22.3-7.0.2.1_2.21__g42f5f32b.ari/etc/libibverbs.d'.
nid03818:22277:22277 [0] NCCL INFO NET/Plugin : No plugin found (libnccl-net.so).
libibverbs: Could not locate libibgni (/usr/lib64/libibgni.so.1: undefined symbol: verbs_uninit_context)
nid03817:10050:10061 [0] NCCL INFO Could not find real path of /sys/class/net/ipogif0/device
nid03817:10050:10061 [0] NCCL INFO include/net.h:19 -> 2
nid03817:10050:10061 [0] NCCL INFO CUDA Dev 0[0], Socket NIC distance :  SYS
libibverbs: Could not locate libibgni (/usr/lib64/libibgni.so.1: undefined symbol: verbs_uninit_context)
nid03814:2378:2390 [0] NCCL INFO Could not find real path of /sys/class/net/ipogif0/device
nid03814:2378:2390 [0] NCCL INFO include/net.h:19 -> 2
nid03814:2378:2390 [0] NCCL INFO CUDA Dev 0[0], Socket NIC distance :  SYS
libibverbs: Warning: couldn't open config directory '/opt/cray/rdma-core/22.3-7.0.2.1_2.21__g42f5f32b.ari/etc/libibverbs.d'.
nid03813:24878:24890 [0] NCCL INFO Could not find real path of /sys/class/net/ipogif0/device
nid03813:24878:24890 [0] NCCL INFO include/net.h:19 -> 2
libibverbs: Warning: couldn't open config directory '/opt/cray/rdma-core/22.3-7.0.2.1_2.21__g42f5f32b.ari/etc/libibverbs.d'.
nid03809:31860:31882 [0] NCCL INFO Could not find real path of /sys/class/net/ipogif0/device
nid03809:31860:31882 [0] NCCL INFO include/net.h:19 -> 2
nid03809:31860:31882 [0] NCCL INFO CUDA Dev 0[0], Socket NIC distance :  SYS
libibverbs: Could not locate libibgni (/usr/lib64/libibgni.so.1: undefined symbol: verbs_uninit_context)
nid03815:27937:27949 [0] NCCL INFO Could not find real path of /sys/class/net/ipogif0/device
nid03815:27937:27949 [0] NCCL INFO include/net.h:19 -> 2
libibverbs: Could not locate libibgni (/usr/lib64/libibgni.so.1: undefined symbol: verbs_uninit_context)
nid03823:10855:10855 [0] NCCL INFO NET/IB : No device found.
libibverbs: Warning: couldn't open config directory '/opt/cray/rdma-core/22.3-7.0.2.1_2.21__g42f5f32b.ari/etc/libibverbs.d'.
nid03819:16960:16960 [0] NCCL INFO NET/IB : No device found.
libibverbs: Warning: couldn't open config directory '/opt/cray/rdma-core/22.3-7.0.2.1_2.21__g42f5f32b.ari/etc/libibverbs.d'.
nid03811:31756:31767 [0] NCCL INFO Could not find real path of /sys/class/net/ipogif0/device
nid03811:31756:31767 [0] NCCL INFO include/net.h:19 -> 2
libibverbs: Warning: couldn't open config directory '/opt/cray/rdma-core/22.3-7.0.2.1_2.21__g42f5f32b.ari/etc/libibverbs.d'.
nid03822:7628:7640 [0] NCCL INFO Could not find real path of /sys/class/net/ipogif0/device
nid03822:7628:7640 [0] NCCL INFO include/net.h:19 -> 2
nid03822:7628:7640 [0] NCCL INFO CUDA Dev 0[0], Socket NIC distance :  SYS
libibverbs: Warning: couldn't open config directory '/opt/cray/rdma-core/22.3-7.0.2.1_2.21__g42f5f32b.ari/etc/libibverbs.d'.
nid03813:24878:24890 [0] NCCL INFO CUDA Dev 0[0], Socket NIC distance :  SYS
libibverbs: Warning: couldn't open config directory '/opt/cray/rdma-core/22.3-7.0.2.1_2.21__g42f5f32b.ari/etc/libibverbs.d'.
nid03815:27937:27949 [0] NCCL INFO CUDA Dev 0[0], Socket NIC distance :  SYS
nid03816:2375:2375 [0] NCCL INFO NET/IB : No device found.
nid03824:340:340 [0] NCCL INFO NET/IB : No device found.
nid03823:10855:10855 [0] NCCL INFO NET/Socket : Using [0]ipogif0:148.187.47.14<0>
nid03821:6491:6491 [0] NCCL INFO NET/IB : No device found.
nid03819:16960:16960 [0] NCCL INFO NET/Socket : Using [0]ipogif0:148.187.47.10<0>
nid03812:7039:7039 [0] NCCL INFO NET/IB : No device found.
nid03811:31756:31767 [0] NCCL INFO CUDA Dev 0[0], Socket NIC distance :  SYS
nid03810:2745:2745 [0] NCCL INFO NET/IB : No device found.
nid03816:2375:2375 [0] NCCL INFO NET/Socket : Using [0]ipogif0:148.187.47.7<0>
nid03824:340:340 [0] NCCL INFO NET/Socket : Using [0]ipogif0:148.187.47.15<0>
nid03823:10855:10867 [0] NCCL INFO Setting affinity for GPU 0 to 03f03f
nid03820:31576:31576 [0] NCCL INFO NET/IB : No device found.
nid03818:22277:22277 [0] NCCL INFO NET/IB : No device found.
nid03821:6491:6491 [0] NCCL INFO NET/Socket : Using [0]ipogif0:148.187.47.12<0>
nid03819:16960:16972 [0] NCCL INFO Setting affinity for GPU 0 to 03f03f
nid03812:7039:7039 [0] NCCL INFO NET/Socket : Using [0]ipogif0:148.187.47.3<0>
nid03810:2745:2745 [0] NCCL INFO NET/Socket : Using [0]ipogif0:148.187.47.1<0>
nid03809:31860:31882 [0] NCCL INFO Channel 00 :    0   1   2   3   4   5   6   7   8   9  10  11  12  13  14  15
nid03816:2375:2387 [0] NCCL INFO Setting affinity for GPU 0 to 03f03f
nid03824:340:352 [0] NCCL INFO Setting affinity for GPU 0 to 03f03f
nid03823:10855:10867 [0] NCCL INFO Could not find real path of /sys/class/net/ipogif0/device
nid03823:10855:10867 [0] NCCL INFO include/net.h:19 -> 2
nid03823:10855:10867 [0] NCCL INFO CUDA Dev 0[0], Socket NIC distance :  SYS
nid03820:31576:31576 [0] NCCL INFO NET/Socket : Using [0]ipogif0:148.187.47.11<0>
nid03818:22277:22277 [0] NCCL INFO NET/Socket : Using [0]ipogif0:148.187.47.9<0>
nid03821:6491:6502 [0] NCCL INFO Setting affinity for GPU 0 to 03f03f
nid03819:16960:16972 [0] NCCL INFO Could not find real path of /sys/class/net/ipogif0/device
nid03819:16960:16972 [0] NCCL INFO include/net.h:19 -> 2
nid03819:16960:16972 [0] NCCL INFO CUDA Dev 0[0], Socket NIC distance :  SYS
nid03812:7039:7050 [0] NCCL INFO Setting affinity for GPU 0 to 03f03f
nid03810:2745:2756 [0] NCCL INFO Setting affinity for GPU 0 to 03f03f
nid03822:7628:7640 [0] NCCL INFO Could not find real path of /sys/class/net/ipogif0/device
nid03822:7628:7640 [0] NCCL INFO include/net.h:19 -> 2
nid03816:2375:2387 [0] NCCL INFO Could not find real path of /sys/class/net/ipogif0/device
nid03816:2375:2387 [0] NCCL INFO include/net.h:19 -> 2
nid03824:340:352 [0] NCCL INFO Could not find real path of /sys/class/net/ipogif0/device
nid03824:340:352 [0] NCCL INFO include/net.h:19 -> 2
nid03820:31576:31587 [0] NCCL INFO Setting affinity for GPU 0 to 03f03f
nid03818:22277:22288 [0] NCCL INFO Setting affinity for GPU 0 to 03f03f
nid03821:6491:6502 [0] NCCL INFO Could not find real path of /sys/class/net/ipogif0/device
nid03821:6491:6502 [0] NCCL INFO include/net.h:19 -> 2
nid03812:7039:7050 [0] NCCL INFO Could not find real path of /sys/class/net/ipogif0/device
nid03812:7039:7050 [0] NCCL INFO include/net.h:19 -> 2
nid03810:2745:2756 [0] NCCL INFO Could not find real path of /sys/class/net/ipogif0/device
nid03810:2745:2756 [0] NCCL INFO include/net.h:19 -> 2
nid03810:2745:2756 [0] NCCL INFO CUDA Dev 0[0], Socket NIC distance :  SYS
nid03817:10050:10061 [0] NCCL INFO Could not find real path of /sys/class/net/ipogif0/device
nid03817:10050:10061 [0] NCCL INFO include/net.h:19 -> 2
nid03814:2378:2390 [0] NCCL INFO Could not find real path of /sys/class/net/ipogif0/device
nid03814:2378:2390 [0] NCCL INFO include/net.h:19 -> 2
nid03813:24878:24890 [0] NCCL INFO Could not find real path of /sys/class/net/ipogif0/device
nid03813:24878:24890 [0] NCCL INFO include/net.h:19 -> 2
nid03809:31860:31882 [0] NCCL INFO Could not find real path of /sys/class/net/ipogif0/device
nid03809:31860:31882 [0] NCCL INFO include/net.h:19 -> 2
nid03815:27937:27949 [0] NCCL INFO Could not find real path of /sys/class/net/ipogif0/device
nid03815:27937:27949 [0] NCCL INFO include/net.h:19 -> 2
nid03816:2375:2387 [0] NCCL INFO CUDA Dev 0[0], Socket NIC distance :  SYS
nid03824:340:352 [0] NCCL INFO CUDA Dev 0[0], Socket NIC distance :  SYS
nid03823:10855:10867 [0] NCCL INFO Could not find real path of /sys/class/net/ipogif0/device
nid03823:10855:10867 [0] NCCL INFO include/net.h:19 -> 2
nid03820:31576:31587 [0] NCCL INFO Could not find real path of /sys/class/net/ipogif0/device
nid03820:31576:31587 [0] NCCL INFO include/net.h:19 -> 2
nid03820:31576:31587 [0] NCCL INFO CUDA Dev 0[0], Socket NIC distance :  SYS
nid03818:22277:22288 [0] NCCL INFO Could not find real path of /sys/class/net/ipogif0/device
nid03818:22277:22288 [0] NCCL INFO include/net.h:19 -> 2
nid03818:22277:22288 [0] NCCL INFO CUDA Dev 0[0], Socket NIC distance :  SYS
nid03821:6491:6502 [0] NCCL INFO CUDA Dev 0[0], Socket NIC distance :  SYS
nid03819:16960:16972 [0] NCCL INFO Could not find real path of /sys/class/net/ipogif0/device
nid03819:16960:16972 [0] NCCL INFO include/net.h:19 -> 2
nid03812:7039:7050 [0] NCCL INFO CUDA Dev 0[0], Socket NIC distance :  SYS
nid03811:31756:31767 [0] NCCL INFO Could not find real path of /sys/class/net/ipogif0/device
nid03811:31756:31767 [0] NCCL INFO include/net.h:19 -> 2
nid03810:2745:2756 [0] NCCL INFO Could not find real path of /sys/class/net/ipogif0/device
nid03810:2745:2756 [0] NCCL INFO include/net.h:19 -> 2
nid03816:2375:2387 [0] NCCL INFO Could not find real path of /sys/class/net/ipogif0/device
nid03816:2375:2387 [0] NCCL INFO include/net.h:19 -> 2
nid03824:340:352 [0] NCCL INFO Could not find real path of /sys/class/net/ipogif0/device
nid03824:340:352 [0] NCCL INFO include/net.h:19 -> 2
nid03820:31576:31587 [0] NCCL INFO Could not find real path of /sys/class/net/ipogif0/device
nid03820:31576:31587 [0] NCCL INFO include/net.h:19 -> 2
nid03818:22277:22288 [0] NCCL INFO Could not find real path of /sys/class/net/ipogif0/device
nid03818:22277:22288 [0] NCCL INFO include/net.h:19 -> 2
nid03821:6491:6502 [0] NCCL INFO Could not find real path of /sys/class/net/ipogif0/device
nid03821:6491:6502 [0] NCCL INFO include/net.h:19 -> 2
nid03812:7039:7050 [0] NCCL INFO Could not find real path of /sys/class/net/ipogif0/device
nid03812:7039:7050 [0] NCCL INFO include/net.h:19 -> 2
nid03822:7628:7640 [0] NCCL INFO Ring 00 : 12 -> 13 [receive] via NET/Socket/0
nid03817:10050:10061 [0] NCCL INFO Ring 00 : 7 -> 8 [receive] via NET/Socket/0
nid03814:2378:2390 [0] NCCL INFO Ring 00 : 4 -> 5 [receive] via NET/Socket/0
nid03813:24878:24890 [0] NCCL INFO Ring 00 : 3 -> 4 [receive] via NET/Socket/0
nid03815:27937:27949 [0] NCCL INFO Ring 00 : 5 -> 6 [receive] via NET/Socket/0
nid03816:2375:2387 [0] NCCL INFO Ring 00 : 6 -> 7 [receive] via NET/Socket/0
nid03824:340:352 [0] NCCL INFO Ring 00 : 14 -> 15 [receive] via NET/Socket/0
nid03823:10855:10867 [0] NCCL INFO Ring 00 : 13 -> 14 [receive] via NET/Socket/0
nid03820:31576:31587 [0] NCCL INFO Ring 00 : 10 -> 11 [receive] via NET/Socket/0
nid03818:22277:22288 [0] NCCL INFO Ring 00 : 8 -> 9 [receive] via NET/Socket/0
nid03821:6491:6502 [0] NCCL INFO Ring 00 : 11 -> 12 [receive] via NET/Socket/0
nid03819:16960:16972 [0] NCCL INFO Ring 00 : 9 -> 10 [receive] via NET/Socket/0
nid03812:7039:7050 [0] NCCL INFO Ring 00 : 2 -> 3 [receive] via NET/Socket/0
nid03811:31756:31767 [0] NCCL INFO Ring 00 : 1 -> 2 [receive] via NET/Socket/0
nid03810:2745:2756 [0] NCCL INFO Ring 00 : 0 -> 1 [receive] via NET/Socket/0
nid03822:7628:7640 [0] NCCL INFO NET/Socket: Using 1 threads and 1 sockets per thread
nid03817:10050:10061 [0] NCCL INFO NET/Socket: Using 1 threads and 1 sockets per thread
nid03814:2378:2390 [0] NCCL INFO NET/Socket: Using 1 threads and 1 sockets per thread
nid03813:24878:24890 [0] NCCL INFO NET/Socket: Using 1 threads and 1 sockets per thread
nid03809:31860:31882 [0] NCCL INFO Ring 00 : 15 -> 0 [receive] via NET/Socket/0
nid03815:27937:27949 [0] NCCL INFO NET/Socket: Using 1 threads and 1 sockets per thread
nid03816:2375:2387 [0] NCCL INFO NET/Socket: Using 1 threads and 1 sockets per thread
nid03824:340:352 [0] NCCL INFO NET/Socket: Using 1 threads and 1 sockets per thread
nid03823:10855:10867 [0] NCCL INFO NET/Socket: Using 1 threads and 1 sockets per thread
nid03820:31576:31587 [0] NCCL INFO NET/Socket: Using 1 threads and 1 sockets per thread
nid03818:22277:22288 [0] NCCL INFO NET/Socket: Using 1 threads and 1 sockets per thread
nid03821:6491:6502 [0] NCCL INFO NET/Socket: Using 1 threads and 1 sockets per thread
nid03819:16960:16972 [0] NCCL INFO NET/Socket: Using 1 threads and 1 sockets per thread
nid03812:7039:7050 [0] NCCL INFO NET/Socket: Using 1 threads and 1 sockets per thread
nid03811:31756:31767 [0] NCCL INFO NET/Socket: Using 1 threads and 1 sockets per thread
nid03810:2745:2756 [0] NCCL INFO NET/Socket: Using 1 threads and 1 sockets per thread
nid03809:31860:31882 [0] NCCL INFO NET/Socket: Using 1 threads and 1 sockets per thread
nid03822:7628:7640 [0] NCCL INFO Ring 00 : 13 -> 14 [send] via NET/Socket/0
nid03817:10050:10061 [0] NCCL INFO Ring 00 : 8 -> 9 [send] via NET/Socket/0
nid03814:2378:2390 [0] NCCL INFO Ring 00 : 5 -> 6 [send] via NET/Socket/0
nid03813:24878:24890 [0] NCCL INFO Ring 00 : 4 -> 5 [send] via NET/Socket/0
nid03809:31860:31882 [0] NCCL INFO Ring 00 : 0 -> 1 [send] via NET/Socket/0
nid03815:27937:27949 [0] NCCL INFO Ring 00 : 6 -> 7 [send] via NET/Socket/0
nid03816:2375:2387 [0] NCCL INFO Ring 00 : 7 -> 8 [send] via NET/Socket/0
nid03824:340:352 [0] NCCL INFO Ring 00 : 15 -> 0 [send] via NET/Socket/0
nid03823:10855:10867 [0] NCCL INFO Ring 00 : 14 -> 15 [send] via NET/Socket/0
nid03820:31576:31587 [0] NCCL INFO Ring 00 : 11 -> 12 [send] via NET/Socket/0
nid03818:22277:22288 [0] NCCL INFO Ring 00 : 9 -> 10 [send] via NET/Socket/0
nid03821:6491:6502 [0] NCCL INFO Ring 00 : 12 -> 13 [send] via NET/Socket/0
nid03819:16960:16972 [0] NCCL INFO Ring 00 : 10 -> 11 [send] via NET/Socket/0
nid03812:7039:7050 [0] NCCL INFO Ring 00 : 3 -> 4 [send] via NET/Socket/0
nid03811:31756:31767 [0] NCCL INFO Ring 00 : 2 -> 3 [send] via NET/Socket/0
nid03810:2745:2756 [0] NCCL INFO Ring 00 : 1 -> 2 [send] via NET/Socket/0
nid03822:7628:7640 [0] NCCL INFO Could not find real path of /sys/class/net/ipogif0/device
nid03817:10050:10061 [0] NCCL INFO Could not find real path of /sys/class/net/ipogif0/device
nid03814:2378:2390 [0] NCCL INFO Could not find real path of /sys/class/net/ipogif0/device
nid03813:24878:24890 [0] NCCL INFO Could not find real path of /sys/class/net/ipogif0/device
nid03813:24878:24890 [0] NCCL INFO include/net.h:19 -> 2
nid03809:31860:31882 [0] NCCL INFO Could not find real path of /sys/class/net/ipogif0/device
nid03809:31860:31882 [0] NCCL INFO include/net.h:19 -> 2
nid03815:27937:27949 [0] NCCL INFO Could not find real path of /sys/class/net/ipogif0/device
nid03815:27937:27949 [0] NCCL INFO include/net.h:19 -> 2
nid03823:10855:10867 [0] NCCL INFO Could not find real path of /sys/class/net/ipogif0/device
nid03823:10855:10867 [0] NCCL INFO include/net.h:19 -> 2
nid03818:22277:22288 [0] NCCL INFO Could not find real path of /sys/class/net/ipogif0/device
nid03818:22277:22288 [0] NCCL INFO include/net.h:19 -> 2
nid03821:6491:6502 [0] NCCL INFO Could not find real path of /sys/class/net/ipogif0/device
nid03821:6491:6502 [0] NCCL INFO include/net.h:19 -> 2
nid03819:16960:16972 [0] NCCL INFO Could not find real path of /sys/class/net/ipogif0/device
nid03811:31756:31767 [0] NCCL INFO Could not find real path of /sys/class/net/ipogif0/device
nid03811:31756:31767 [0] NCCL INFO include/net.h:19 -> 2
nid03810:2745:2756 [0] NCCL INFO Could not find real path of /sys/class/net/ipogif0/device
nid03810:2745:2756 [0] NCCL INFO include/net.h:19 -> 2
nid03822:7628:7640 [0] NCCL INFO include/net.h:19 -> 2
nid03817:10050:10061 [0] NCCL INFO include/net.h:19 -> 2
nid03814:2378:2390 [0] NCCL INFO include/net.h:19 -> 2
nid03819:16960:16972 [0] NCCL INFO include/net.h:19 -> 2
nid03822:7628:7640 [0] NCCL INFO Ring 00 : 14 -> 13 [receive] via NET/Socket/0
nid03817:10050:10061 [0] NCCL INFO Ring 00 : 4 -> 8 [receive] via NET/Socket/0
nid03814:2378:2390 [0] NCCL INFO Ring 00 : 6 -> 5 [receive] via NET/Socket/0
nid03813:24878:24890 [0] NCCL INFO Ring 00 : 2 -> 4 [receive] via NET/Socket/0
nid03815:27937:27949 [0] NCCL INFO Ring 00 : 7 -> 6 [receive] via NET/Socket/0
nid03816:2375:2387 [0] NCCL INFO Ring 00 : 7 -> 6 [send] via NET/Socket/0
nid03824:340:352 [0] NCCL INFO Ring 00 : 15 -> 14 [send] via NET/Socket/0
nid03823:10855:10867 [0] NCCL INFO Ring 00 : 15 -> 14 [receive] via NET/Socket/0
nid03820:31576:31587 [0] NCCL INFO Ring 00 : 11 -> 10 [send] via NET/Socket/0
nid03818:22277:22288 [0] NCCL INFO Ring 00 : 10 -> 9 [receive] via NET/Socket/0
nid03821:6491:6502 [0] NCCL INFO Ring 00 : 10 -> 12 [receive] via NET/Socket/0
nid03819:16960:16972 [0] NCCL INFO Ring 00 : 11 -> 10 [receive] via NET/Socket/0
nid03812:7039:7050 [0] NCCL INFO Ring 00 : 3 -> 2 [send] via NET/Socket/0
nid03811:31756:31767 [0] NCCL INFO Ring 00 : 3 -> 2 [receive] via NET/Socket/0
nid03822:7628:7640 [0] NCCL INFO NET/Socket: Using 1 threads and 1 sockets per thread
nid03817:10050:10061 [0] NCCL INFO NET/Socket: Using 1 threads and 1 sockets per thread
nid03814:2378:2390 [0] NCCL INFO NET/Socket: Using 1 threads and 1 sockets per thread
nid03813:24878:24890 [0] NCCL INFO NET/Socket: Using 1 threads and 1 sockets per thread
nid03809:31860:31882 [0] NCCL INFO Ring 00 : 8 -> 0 [receive] via NET/Socket/0
nid03815:27937:27949 [0] NCCL INFO NET/Socket: Using 1 threads and 1 sockets per thread
nid03816:2375:2387 [0] NCCL INFO Trees [0] 6->7->-1/-1/-1
nid03824:340:352 [0] NCCL INFO Trees [0] 14->15->-1/-1/-1
nid03823:10855:10867 [0] NCCL INFO NET/Socket: Using 1 threads and 1 sockets per thread
nid03820:31576:31587 [0] NCCL INFO Trees [0] 10->11->-1/-1/-1
nid03818:22277:22288 [0] NCCL INFO NET/Socket: Using 1 threads and 1 sockets per thread
nid03821:6491:6502 [0] NCCL INFO NET/Socket: Using 1 threads and 1 sockets per thread
nid03819:16960:16972 [0] NCCL INFO NET/Socket: Using 1 threads and 1 sockets per thread
nid03812:7039:7050 [0] NCCL INFO Trees [0] 2->3->-1/-1/-1
nid03811:31756:31767 [0] NCCL INFO NET/Socket: Using 1 threads and 1 sockets per thread
nid03810:2745:2756 [0] NCCL INFO Ring 00 : 2 -> 1 [receive] via NET/Socket/0
nid03817:10050:10061 [0] NCCL INFO Could not find real path of /sys/class/net/ipogif0/device
nid03813:24878:24890 [0] NCCL INFO Could not find real path of /sys/class/net/ipogif0/device
nid03809:31860:31882 [0] NCCL INFO NET/Socket: Using 1 threads and 1 sockets per thread
nid03816:2375:2387 [0] NCCL INFO comm 0x2aab50002260 rank 7 nranks 16 cudaDev 0 nvmlDev 0 - Init COMPLETE
nid03824:340:352 [0] NCCL INFO comm 0x2aab50002260 rank 15 nranks 16 cudaDev 0 nvmlDev 0 - Init COMPLETE
nid03820:31576:31587 [0] NCCL INFO comm 0x2aab50002260 rank 11 nranks 16 cudaDev 0 nvmlDev 0 - Init COMPLETE
nid03821:6491:6502 [0] NCCL INFO Could not find real path of /sys/class/net/ipogif0/device
nid03821:6491:6502 [0] NCCL INFO include/net.h:19 -> 2
nid03812:7039:7050 [0] NCCL INFO comm 0x2aab50002260 rank 3 nranks 16 cudaDev 0 nvmlDev 0 - Init COMPLETE
nid03810:2745:2756 [0] NCCL INFO NET/Socket: Using 1 threads and 1 sockets per thread
nid03817:10050:10061 [0] NCCL INFO include/net.h:19 -> 2
nid03821:6491:6502 [0] NCCL INFO Ring 00 : 14 -> 12 [receive] via NET/Socket/0
nid03811:31756:31767 [0] NCCL INFO Ring 00 : 2 -> 4 [send] via NET/Socket/0
nid03813:24878:24890 [0] NCCL INFO include/net.h:19 -> 2
nid03815:27937:27949 [0] NCCL INFO Ring 00 : 6 -> 4 [send] via NET/Socket/0
nid03821:6491:6502 [0] NCCL INFO NET/Socket: Using 1 threads and 1 sockets per thread
nid03817:10050:10061 [0] NCCL INFO Ring 00 : 12 -> 8 [receive] via NET/Socket/0
nid03813:24878:24890 [0] NCCL INFO Ring 00 : 6 -> 4 [receive] via NET/Socket/0
nid03823:10855:10867 [0] NCCL INFO Ring 00 : 14 -> 12 [send] via NET/Socket/0
nid03811:31756:31767 [0] NCCL INFO Could not find real path of /sys/class/net/ipogif0/device
nid03811:31756:31767 [0] NCCL INFO include/net.h:19 -> 2
nid03817:10050:10061 [0] NCCL INFO NET/Socket: Using 1 threads and 1 sockets per thread
nid03813:24878:24890 [0] NCCL INFO NET/Socket: Using 1 threads and 1 sockets per thread
nid03815:27937:27949 [0] NCCL INFO Could not find real path of /sys/class/net/ipogif0/device
nid03815:27937:27949 [0] NCCL INFO include/net.h:19 -> 2
nid03823:10855:10867 [0] NCCL INFO Could not find real path of /sys/class/net/ipogif0/device
nid03819:16960:16972 [0] NCCL INFO Ring 00 : 10 -> 12 [send] via NET/Socket/0
nid03823:10855:10867 [0] NCCL INFO include/net.h:19 -> 2
nid03819:16960:16972 [0] NCCL INFO Could not find real path of /sys/class/net/ipogif0/device
nid03819:16960:16972 [0] NCCL INFO include/net.h:19 -> 2
nid03815:27937:27949 [0] NCCL INFO Ring 00 : 4 -> 6 [receive] via NET/Socket/0
nid03821:6491:6502 [0] NCCL INFO Ring 00 : 12 -> 8 [send] via NET/Socket/0
nid03811:31756:31767 [0] NCCL INFO Ring 00 : 4 -> 2 [receive] via NET/Socket/0
nid03813:24878:24890 [0] NCCL INFO Ring 00 : 4 -> 8 [send] via NET/Socket/0
nid03811:31756:31767 [0] NCCL INFO NET/Socket: Using 1 threads and 1 sockets per thread
nid03817:10050:10061 [0] NCCL INFO Ring 00 : 8 -> 0 [send] via NET/Socket/0
nid03815:27937:27949 [0] NCCL INFO NET/Socket: Using 1 threads and 1 sockets per thread
nid03823:10855:10867 [0] NCCL INFO Ring 00 : 12 -> 14 [receive] via NET/Socket/0
nid03821:6491:6502 [0] NCCL INFO Could not find real path of /sys/class/net/ipogif0/device
nid03821:6491:6502 [0] NCCL INFO include/net.h:19 -> 2
nid03817:10050:10061 [0] NCCL INFO Could not find real path of /sys/class/net/ipogif0/device
nid03813:24878:24890 [0] NCCL INFO Could not find real path of /sys/class/net/ipogif0/device
nid03813:24878:24890 [0] NCCL INFO include/net.h:19 -> 2
nid03823:10855:10867 [0] NCCL INFO NET/Socket: Using 1 threads and 1 sockets per thread
nid03819:16960:16972 [0] NCCL INFO Ring 00 : 12 -> 10 [receive] via NET/Socket/0
nid03817:10050:10061 [0] NCCL INFO include/net.h:19 -> 2
nid03819:16960:16972 [0] NCCL INFO NET/Socket: Using 1 threads and 1 sockets per thread
nid03821:6491:6502 [0] NCCL INFO Ring 00 : 8 -> 12 [receive] via NET/Socket/0
nid03813:24878:24890 [0] NCCL INFO Ring 00 : 8 -> 4 [receive] via NET/Socket/0
nid03815:27937:27949 [0] NCCL INFO Ring 00 : 6 -> 5 [send] via NET/Socket/0
nid03821:6491:6502 [0] NCCL INFO NET/Socket: Using 1 threads and 1 sockets per thread
nid03811:31756:31767 [0] NCCL INFO Ring 00 : 2 -> 1 [send] via NET/Socket/0
nid03817:10050:10061 [0] NCCL INFO Ring 00 : 0 -> 8 [receive] via NET/Socket/0
nid03814:2378:2390 [0] NCCL INFO Trees [0] 6->5->-1/-1/-1
nid03810:2745:2756 [0] NCCL INFO Trees [0] 2->1->-1/-1/-1
nid03813:24878:24890 [0] NCCL INFO NET/Socket: Using 1 threads and 1 sockets per thread
nid03809:31860:31882 [0] NCCL INFO Ring 00 : 0 -> 8 [send] via NET/Socket/0
nid03823:10855:10867 [0] NCCL INFO Ring 00 : 14 -> 13 [send] via NET/Socket/0
nid03819:16960:16972 [0] NCCL INFO Ring 00 : 10 -> 9 [send] via NET/Socket/0
nid03822:7628:7640 [0] NCCL INFO Trees [0] 14->13->-1/-1/-1
nid03817:10050:10061 [0] NCCL INFO NET/Socket: Using 1 threads and 1 sockets per thread
nid03814:2378:2390 [0] NCCL INFO comm 0x2aab50002260 rank 5 nranks 16 cudaDev 0 nvmlDev 0 - Init COMPLETE
nid03809:31860:31882 [0] NCCL INFO Trees [0] -1->0->8/-1/-1
nid03809:31860:31882 [0] NCCL INFO Using 256 threads, Min Comp Cap 6, Trees enabled up to size 299999
nid03818:22277:22288 [0] NCCL INFO Trees [0] 10->9->-1/-1/-1
nid03810:2745:2756 [0] NCCL INFO comm 0x2aab50002260 rank 1 nranks 16 cudaDev 0 nvmlDev 0 - Init COMPLETE
nid03822:7628:7640 [0] NCCL INFO comm 0x2aab50002260 rank 13 nranks 16 cudaDev 0 nvmlDev 0 - Init COMPLETE
nid03809:31860:31882 [0] NCCL INFO comm 0x2aab64002260 rank 0 nranks 16 cudaDev 0 nvmlDev 0 - Init COMPLETE
nid03818:22277:22288 [0] NCCL INFO comm 0x2aab50002260 rank 9 nranks 16 cudaDev 0 nvmlDev 0 - Init COMPLETE
nid03809:31860:31860 [0] NCCL INFO Launch mode Parallel
nid03821:6491:6502 [0] NCCL INFO Ring 00 : 12 -> 10 [send] via NET/Socket/0
nid03817:10050:10061 [0] NCCL INFO Ring 00 : 8 -> 4 [send] via NET/Socket/0
nid03813:24878:24890 [0] NCCL INFO Ring 00 : 4 -> 2 [send] via NET/Socket/0
nid03821:6491:6502 [0] NCCL INFO Ring 00 : 12 -> 14 [send] via NET/Socket/0
nid03813:24878:24890 [0] NCCL INFO Ring 00 : 4 -> 6 [send] via NET/Socket/0
nid03823:10855:10867 [0] NCCL INFO Trees [0] 12->14->13/15/-1
nid03819:16960:16972 [0] NCCL INFO Trees [0] 12->10->9/11/-1
nid03817:10050:10061 [0] NCCL INFO Ring 00 : 8 -> 12 [send] via NET/Socket/0
nid03811:31756:31767 [0] NCCL INFO Trees [0] 4->2->1/3/-1
nid03813:24878:24890 [0] NCCL INFO Trees [0] 8->4->2/6/-1
nid03815:27937:27949 [0] NCCL INFO Trees [0] 4->6->5/7/-1
nid03819:16960:16972 [0] NCCL INFO comm 0x2aab50002260 rank 10 nranks 16 cudaDev 0 nvmlDev 0 - Init COMPLETE
nid03817:10050:10061 [0] NCCL INFO Trees [0] 0->8->4/12/-1
nid03823:10855:10867 [0] NCCL INFO comm 0x2aab50002260 rank 14 nranks 16 cudaDev 0 nvmlDev 0 - Init COMPLETE
nid03821:6491:6502 [0] NCCL INFO Trees [0] 8->12->10/14/-1
nid03813:24878:24890 [0] NCCL INFO comm 0x2aab50002260 rank 4 nranks 16 cudaDev 0 nvmlDev 0 - Init COMPLETE
nid03815:27937:27949 [0] NCCL INFO comm 0x2aab50002260 rank 6 nranks 16 cudaDev 0 nvmlDev 0 - Init COMPLETE
nid03811:31756:31767 [0] NCCL INFO comm 0x2aab50002260 rank 2 nranks 16 cudaDev 0 nvmlDev 0 - Init COMPLETE
nid03817:10050:10061 [0] NCCL INFO comm 0x2aab50002260 rank 8 nranks 16 cudaDev 0 nvmlDev 0 - Init COMPLETE
nid03821:6491:6502 [0] NCCL INFO comm 0x2aab50002260 rank 12 nranks 16 cudaDev 0 nvmlDev 0 - Init COMPLETE
Duration/ms: 1.4742384004592894
